==========================================
exp 216: mse λ=3.00  (10% contribution)
==========================================
Run ID  : 4
Config  : configs/cityscapes_joint.yml
Time    : 24h
==========================================
Host    : nid011117
Job ID  : 2561053
Start   : Tue Mar  3 08:05:26 PM UTC 2026
GPU     : 0

Start experiment cityscapes_joint_216
Run ID: cityscapes_joint_216_2026-03-03_20-05-50
Resolved base cfg vars {('model', 'variant'): 'ct_baseline_0pct', ('training', 'cross_task_lambda'): 0.0, ('training', 'cross_task_type'): 'mse', ('training', 'cross_task_detach_depth'): False}
Resolved vars {('config', 'general', 'tag'): 'cityscapes_pad_transfer_ct_baseline_0pct_D372_S42', ('model', 'variant'): 'ct_baseline_0pct', ('training', 'cross_task_lambda'): 0.0, ('training', 'cross_task_type'): 'mse', ('training', 'cross_task_detach_depth'): False}
Resolved base cfg vars {('model', 'variant'): 'ct_mse_1pct', ('training', 'cross_task_lambda'): 0.3, ('training', 'cross_task_type'): 'mse', ('training', 'cross_task_detach_depth'): True}
Resolved vars {('config', 'general', 'tag'): 'cityscapes_pad_transfer_ct_mse_1pct_D372_S42', ('model', 'variant'): 'ct_mse_1pct', ('training', 'cross_task_lambda'): 0.3, ('training', 'cross_task_type'): 'mse', ('training', 'cross_task_detach_depth'): True}
Resolved base cfg vars {('model', 'variant'): 'ct_mse_2p5pct', ('training', 'cross_task_lambda'): 0.75, ('training', 'cross_task_type'): 'mse', ('training', 'cross_task_detach_depth'): True}
Resolved vars {('config', 'general', 'tag'): 'cityscapes_pad_transfer_ct_mse_2p5pct_D372_S42', ('model', 'variant'): 'ct_mse_2p5pct', ('training', 'cross_task_lambda'): 0.75, ('training', 'cross_task_type'): 'mse', ('training', 'cross_task_detach_depth'): True}
Resolved base cfg vars {('model', 'variant'): 'ct_mse_5pct', ('training', 'cross_task_lambda'): 1.5, ('training', 'cross_task_type'): 'mse', ('training', 'cross_task_detach_depth'): True}
Resolved vars {('config', 'general', 'tag'): 'cityscapes_pad_transfer_ct_mse_5pct_D372_S42', ('model', 'variant'): 'ct_mse_5pct', ('training', 'cross_task_lambda'): 1.5, ('training', 'cross_task_type'): 'mse', ('training', 'cross_task_detach_depth'): True}
Resolved base cfg vars {('model', 'variant'): 'ct_mse_10pct', ('training', 'cross_task_lambda'): 3.0, ('training', 'cross_task_type'): 'mse', ('training', 'cross_task_detach_depth'): True}
Resolved vars {('config', 'general', 'tag'): 'cityscapes_pad_transfer_ct_mse_10pct_D372_S42', ('model', 'variant'): 'ct_mse_10pct', ('training', 'cross_task_lambda'): 3.0, ('training', 'cross_task_type'): 'mse', ('training', 'cross_task_detach_depth'): True}
Dispatch job 4_tag=cityscapes_pad_transfer_ct_mse_10pct_D372_S42
Start 2026-03-03_20-05-504_tag=cityscapes_pad_transfer_ct_mse_10pct_D372_S42
RUNDIR: /scratch/u5hv/shijie.u5hv/sde_seg/logs//cityscapes_joint_216/2026-03-03_20-05-504_tag=cityscapes_pad_transfer_ct_mse_10pct_D372_S42
Restrict subset from 2975 to 372 images ...
Use image subset [np.int64(0), np.int64(30), np.int64(32), np.int64(44), np.int64(45), np.int64(51), np.int64(52), np.int64(56), np.int64(63), np.int64(67), np.int64(70), np.int64(73), np.int64(80), np.int64(88), np.int64(93), np.int64(102), np.int64(108), np.int64(120), np.int64(124), np.int64(141), np.int64(144), np.int64(162), np.int64(174), np.int64(175), np.int64(177), np.int64(178), np.int64(184), np.int64(192), np.int64(194), np.int64(196), np.int64(203), np.int64(211), np.int64(233), np.int64(239), np.int64(246), np.int64(251), np.int64(256), np.int64(289), np.int64(296), np.int64(298), np.int64(309), np.int64(313), np.int64(318), np.int64(321), np.int64(322), np.int64(324), np.int64(331), np.int64(332), np.int64(354), np.int64(368), np.int64(387), np.int64(393), np.int64(402), np.int64(410), np.int64(411), np.int64(414), np.int64(420), np.int64(432), np.int64(439), np.int64(457), np.int64(463), np.int64(471), np.int64(478), np.int64(479), np.int64(485), np.int64(486), np.int64(495), np.int64(506), np.int64(507), np.int64(527), np.int64(528), np.int64(532), np.int64(533), np.int64(535), np.int64(543), np.int64(555), np.int64(557), np.int64(567), np.int64(572), np.int64(594), np.int64(599), np.int64(601), np.int64(602), np.int64(612), np.int64(637), np.int64(642), np.int64(644), np.int64(651), np.int64(676), np.int64(680), np.int64(685), np.int64(691), np.int64(693), np.int64(700), np.int64(705), np.int64(718), np.int64(727), np.int64(729), np.int64(741), np.int64(744), np.int64(748), np.int64(755), np.int64(759), np.int64(772), np.int64(783), np.int64(790), np.int64(798), np.int64(809), np.int64(811), np.int64(834), np.int64(857), np.int64(859), np.int64(862), np.int64(869), np.int64(879), np.int64(889), np.int64(912), np.int64(926), np.int64(929), np.int64(930), np.int64(942), np.int64(944), np.int64(952), np.int64(962), np.int64(965), np.int64(969), np.int64(999), np.int64(1001), np.int64(1005), np.int64(1018), np.int64(1023), np.int64(1025), np.int64(1027), np.int64(1047), np.int64(1048), np.int64(1055), np.int64(1071), np.int64(1089), np.int64(1090), np.int64(1091), np.int64(1097), np.int64(1106), np.int64(1149), np.int64(1151), np.int64(1159), np.int64(1173), np.int64(1177), np.int64(1188), np.int64(1196), np.int64(1208), np.int64(1210), np.int64(1222), np.int64(1225), np.int64(1229), np.int64(1230), np.int64(1235), np.int64(1255), np.int64(1263), np.int64(1264), np.int64(1268), np.int64(1269), np.int64(1270), np.int64(1272), np.int64(1286), np.int64(1313), np.int64(1321), np.int64(1322), np.int64(1326), np.int64(1330), np.int64(1337), np.int64(1340), np.int64(1343), np.int64(1370), np.int64(1376), np.int64(1385), np.int64(1399), np.int64(1402), np.int64(1407), np.int64(1410), np.int64(1421), np.int64(1422), np.int64(1426), np.int64(1427), np.int64(1431), np.int64(1432), np.int64(1436), np.int64(1453), np.int64(1461), np.int64(1474), np.int64(1487), np.int64(1488), np.int64(1494), np.int64(1505), np.int64(1507), np.int64(1509), np.int64(1517), np.int64(1518), np.int64(1538), np.int64(1544), np.int64(1554), np.int64(1562), np.int64(1567), np.int64(1575), np.int64(1586), np.int64(1590), np.int64(1596), np.int64(1598), np.int64(1608), np.int64(1610), np.int64(1613), np.int64(1618), np.int64(1620), np.int64(1624), np.int64(1641), np.int64(1655), np.int64(1656), np.int64(1662), np.int64(1690), np.int64(1691), np.int64(1697), np.int64(1702), np.int64(1706), np.int64(1711), np.int64(1716), np.int64(1718), np.int64(1727), np.int64(1731), np.int64(1747), np.int64(1760), np.int64(1762), np.int64(1767), np.int64(1771), np.int64(1775), np.int64(1777), np.int64(1788), np.int64(1795), np.int64(1797), np.int64(1805), np.int64(1807), np.int64(1814), np.int64(1840), np.int64(1850), np.int64(1869), np.int64(1872), np.int64(1877), np.int64(1880), np.int64(1882), np.int64(1891), np.int64(1896), np.int64(1916), np.int64(1922), np.int64(1936), np.int64(1940), np.int64(1941), np.int64(1949), np.int64(1956), np.int64(1957), np.int64(1963), np.int64(1966), np.int64(1979), np.int64(1983), np.int64(1993), np.int64(1999), np.int64(2001), np.int64(2003), np.int64(2013), np.int64(2015), np.int64(2023), np.int64(2033), np.int64(2046), np.int64(2051), np.int64(2064), np.int64(2073), np.int64(2092), np.int64(2113), np.int64(2114), np.int64(2119), np.int64(2124), np.int64(2131), np.int64(2144), np.int64(2149), np.int64(2154), np.int64(2159), np.int64(2185), np.int64(2186), np.int64(2204), np.int64(2215), np.int64(2227), np.int64(2233), np.int64(2241), np.int64(2247), np.int64(2257), np.int64(2261), np.int64(2263), np.int64(2270), np.int64(2287), np.int64(2315), np.int64(2321), np.int64(2332), np.int64(2335), np.int64(2349), np.int64(2356), np.int64(2383), np.int64(2392), np.int64(2395), np.int64(2397), np.int64(2401), np.int64(2403), np.int64(2404), np.int64(2420), np.int64(2424), np.int64(2436), np.int64(2459), np.int64(2462), np.int64(2466), np.int64(2469), np.int64(2478), np.int64(2480), np.int64(2482), np.int64(2496), np.int64(2501), np.int64(2517), np.int64(2519), np.int64(2528), np.int64(2534), np.int64(2539), np.int64(2546), np.int64(2573), np.int64(2578), np.int64(2586), np.int64(2595), np.int64(2608), np.int64(2622), np.int64(2626), np.int64(2632), np.int64(2636), np.int64(2644), np.int64(2645), np.int64(2646), np.int64(2654), np.int64(2655), np.int64(2658), np.int64(2683), np.int64(2686), np.int64(2733), np.int64(2753), np.int64(2754), np.int64(2756), np.int64(2766), np.int64(2769), np.int64(2787), np.int64(2792), np.int64(2798), np.int64(2810), np.int64(2811), np.int64(2815), np.int64(2822), np.int64(2823), np.int64(2838), np.int64(2848), np.int64(2864), np.int64(2865), np.int64(2872), np.int64(2897), np.int64(2898), np.int64(2910), np.int64(2931), np.int64(2932), np.int64(2936), np.int64(2947), np.int64(2956), np.int64(2958)] with class frequencies:
Keep 372 images
Found 372 train images
Restrict subset from 2975 to 372 images ...
Use image subset [np.int64(0), np.int64(30), np.int64(32), np.int64(44), np.int64(45), np.int64(51), np.int64(52), np.int64(56), np.int64(63), np.int64(67), np.int64(70), np.int64(73), np.int64(80), np.int64(88), np.int64(93), np.int64(102), np.int64(108), np.int64(120), np.int64(124), np.int64(141), np.int64(144), np.int64(162), np.int64(174), np.int64(175), np.int64(177), np.int64(178), np.int64(184), np.int64(192), np.int64(194), np.int64(196), np.int64(203), np.int64(211), np.int64(233), np.int64(239), np.int64(246), np.int64(251), np.int64(256), np.int64(289), np.int64(296), np.int64(298), np.int64(309), np.int64(313), np.int64(318), np.int64(321), np.int64(322), np.int64(324), np.int64(331), np.int64(332), np.int64(354), np.int64(368), np.int64(387), np.int64(393), np.int64(402), np.int64(410), np.int64(411), np.int64(414), np.int64(420), np.int64(432), np.int64(439), np.int64(457), np.int64(463), np.int64(471), np.int64(478), np.int64(479), np.int64(485), np.int64(486), np.int64(495), np.int64(506), np.int64(507), np.int64(527), np.int64(528), np.int64(532), np.int64(533), np.int64(535), np.int64(543), np.int64(555), np.int64(557), np.int64(567), np.int64(572), np.int64(594), np.int64(599), np.int64(601), np.int64(602), np.int64(612), np.int64(637), np.int64(642), np.int64(644), np.int64(651), np.int64(676), np.int64(680), np.int64(685), np.int64(691), np.int64(693), np.int64(700), np.int64(705), np.int64(718), np.int64(727), np.int64(729), np.int64(741), np.int64(744), np.int64(748), np.int64(755), np.int64(759), np.int64(772), np.int64(783), np.int64(790), np.int64(798), np.int64(809), np.int64(811), np.int64(834), np.int64(857), np.int64(859), np.int64(862), np.int64(869), np.int64(879), np.int64(889), np.int64(912), np.int64(926), np.int64(929), np.int64(930), np.int64(942), np.int64(944), np.int64(952), np.int64(962), np.int64(965), np.int64(969), np.int64(999), np.int64(1001), np.int64(1005), np.int64(1018), np.int64(1023), np.int64(1025), np.int64(1027), np.int64(1047), np.int64(1048), np.int64(1055), np.int64(1071), np.int64(1089), np.int64(1090), np.int64(1091), np.int64(1097), np.int64(1106), np.int64(1149), np.int64(1151), np.int64(1159), np.int64(1173), np.int64(1177), np.int64(1188), np.int64(1196), np.int64(1208), np.int64(1210), np.int64(1222), np.int64(1225), np.int64(1229), np.int64(1230), np.int64(1235), np.int64(1255), np.int64(1263), np.int64(1264), np.int64(1268), np.int64(1269), np.int64(1270), np.int64(1272), np.int64(1286), np.int64(1313), np.int64(1321), np.int64(1322), np.int64(1326), np.int64(1330), np.int64(1337), np.int64(1340), np.int64(1343), np.int64(1370), np.int64(1376), np.int64(1385), np.int64(1399), np.int64(1402), np.int64(1407), np.int64(1410), np.int64(1421), np.int64(1422), np.int64(1426), np.int64(1427), np.int64(1431), np.int64(1432), np.int64(1436), np.int64(1453), np.int64(1461), np.int64(1474), np.int64(1487), np.int64(1488), np.int64(1494), np.int64(1505), np.int64(1507), np.int64(1509), np.int64(1517), np.int64(1518), np.int64(1538), np.int64(1544), np.int64(1554), np.int64(1562), np.int64(1567), np.int64(1575), np.int64(1586), np.int64(1590), np.int64(1596), np.int64(1598), np.int64(1608), np.int64(1610), np.int64(1613), np.int64(1618), np.int64(1620), np.int64(1624), np.int64(1641), np.int64(1655), np.int64(1656), np.int64(1662), np.int64(1690), np.int64(1691), np.int64(1697), np.int64(1702), np.int64(1706), np.int64(1711), np.int64(1716), np.int64(1718), np.int64(1727), np.int64(1731), np.int64(1747), np.int64(1760), np.int64(1762), np.int64(1767), np.int64(1771), np.int64(1775), np.int64(1777), np.int64(1788), np.int64(1795), np.int64(1797), np.int64(1805), np.int64(1807), np.int64(1814), np.int64(1840), np.int64(1850), np.int64(1869), np.int64(1872), np.int64(1877), np.int64(1880), np.int64(1882), np.int64(1891), np.int64(1896), np.int64(1916), np.int64(1922), np.int64(1936), np.int64(1940), np.int64(1941), np.int64(1949), np.int64(1956), np.int64(1957), np.int64(1963), np.int64(1966), np.int64(1979), np.int64(1983), np.int64(1993), np.int64(1999), np.int64(2001), np.int64(2003), np.int64(2013), np.int64(2015), np.int64(2023), np.int64(2033), np.int64(2046), np.int64(2051), np.int64(2064), np.int64(2073), np.int64(2092), np.int64(2113), np.int64(2114), np.int64(2119), np.int64(2124), np.int64(2131), np.int64(2144), np.int64(2149), np.int64(2154), np.int64(2159), np.int64(2185), np.int64(2186), np.int64(2204), np.int64(2215), np.int64(2227), np.int64(2233), np.int64(2241), np.int64(2247), np.int64(2257), np.int64(2261), np.int64(2263), np.int64(2270), np.int64(2287), np.int64(2315), np.int64(2321), np.int64(2332), np.int64(2335), np.int64(2349), np.int64(2356), np.int64(2383), np.int64(2392), np.int64(2395), np.int64(2397), np.int64(2401), np.int64(2403), np.int64(2404), np.int64(2420), np.int64(2424), np.int64(2436), np.int64(2459), np.int64(2462), np.int64(2466), np.int64(2469), np.int64(2478), np.int64(2480), np.int64(2482), np.int64(2496), np.int64(2501), np.int64(2517), np.int64(2519), np.int64(2528), np.int64(2534), np.int64(2539), np.int64(2546), np.int64(2573), np.int64(2578), np.int64(2586), np.int64(2595), np.int64(2608), np.int64(2622), np.int64(2626), np.int64(2632), np.int64(2636), np.int64(2644), np.int64(2645), np.int64(2646), np.int64(2654), np.int64(2655), np.int64(2658), np.int64(2683), np.int64(2686), np.int64(2733), np.int64(2753), np.int64(2754), np.int64(2756), np.int64(2766), np.int64(2769), np.int64(2787), np.int64(2792), np.int64(2798), np.int64(2810), np.int64(2811), np.int64(2815), np.int64(2822), np.int64(2823), np.int64(2838), np.int64(2848), np.int64(2864), np.int64(2865), np.int64(2872), np.int64(2897), np.int64(2898), np.int64(2910), np.int64(2931), np.int64(2932), np.int64(2936), np.int64(2947), np.int64(2956), np.int64(2958)] with class frequencies:
Keep 2975 images
Found 2975 train images
Found 500 val images
Load mono_cityscapes_1024x512_r101dil_aspp_dec6_lr5_fd2_crop512x512bs4 weights
Load mono_cityscapes_1024x512_r101dil_aspp_dec6_lr5_fd2_crop512x512bs4depth weights
Load mono_cityscapes_1024x512_r101dil_aspp_dec6_lr5_fd2_crop512x512bs4depth weights
Create segmentation ema model.
Load mono_cityscapes_1024x512_r101dil_aspp_dec6_lr5_fd2_crop512x512bs4 weights
Load mono_cityscapes_1024x512_r101dil_aspp_dec6_lr5_fd2_crop512x512bs4depth weights
Load mono_cityscapes_1024x512_r101dil_aspp_dec6_lr5_fd2_crop512x512bs4depth weights
PAD run first half of decoder ([4, 3, 2]).
bottleneck shape torch.Size([2, 2048, 32, 32])
upconv4-0 shape: torch.Size([2, 256, 32, 32])
concatenated features shape: torch.Size([2, 1280, 32, 32])
upconv4-1 shape: torch.Size([2, 256, 32, 32])
upconv3-0 shape: torch.Size([2, 256, 32, 32])
concatenated features shape: torch.Size([2, 768, 64, 64])
upconv3-1 shape: torch.Size([2, 256, 64, 64])
disp3 shape: torch.Size([2, 1, 64, 64]), expected [64 64]
upconv2-0 shape: torch.Size([2, 128, 64, 64])
concatenated features shape: torch.Size([2, 384, 128, 128])
upconv2-1 shape: torch.Size([2, 128, 128, 128])
disp2 shape: torch.Size([2, 1, 128, 128]), expected [128 128]
bottleneck shape torch.Size([2, 2048, 32, 32])
upconv4-0 shape: torch.Size([2, 256, 32, 32])
concatenated features shape: torch.Size([2, 1280, 32, 32])
upconv4-1 shape: torch.Size([2, 256, 32, 32])
upconv3-0 shape: torch.Size([2, 256, 32, 32])
concatenated features shape: torch.Size([2, 768, 64, 64])
upconv3-1 shape: torch.Size([2, 256, 64, 64])
upconv2-0 shape: torch.Size([2, 128, 64, 64])
concatenated features shape: torch.Size([2, 384, 128, 128])
upconv2-1 shape: torch.Size([2, 128, 128, 128])
PAD self attention for ('upconv', 2) with shape torch.Size([2, 128, 128, 128]).
PAD run second half of decoder ([1, 0]).
bottleneck shape torch.Size([2, 128, 128, 128])
upconv1-0 shape: torch.Size([2, 128, 128, 128])
concatenated features shape: torch.Size([2, 192, 256, 256])
upconv1-1 shape: torch.Size([2, 128, 256, 256])
disp1 shape: torch.Size([2, 1, 256, 256]), expected [256 256]
upconv0-0 shape: torch.Size([2, 64, 256, 256])
concatenated features shape: torch.Size([2, 64, 512, 512])
upconv0-1 shape: torch.Size([2, 64, 512, 512])
disp0 shape: torch.Size([2, 1, 512, 512]), expected [512 512]
WARN get_lr: optimizer has more than one param group
Overall Acc: 	 0.8092657991465954
Mean Acc : 	 0.2710121771229977
FreqW Acc : 	 0.6925640652333056
Mean IoU : 	 0.2148848256382514
WARN get_lr: optimizer has more than one param group
WARN get_lr: optimizer has more than one param group
WARN get_lr: optimizer has more than one param group
WARN get_lr: optimizer has more than one param group
WARN get_lr: optimizer has more than one param group
WARN get_lr: optimizer has more than one param group
WARN get_lr: optimizer has more than one param group
WARN get_lr: optimizer has more than one param group
WARN get_lr: optimizer has more than one param group
WARN get_lr: optimizer has more than one param group
WARN get_lr: optimizer has more than one param group
WARN get_lr: optimizer has more than one param group
WARN get_lr: optimizer has more than one param group
WARN get_lr: optimizer has more than one param group
WARN get_lr: optimizer has more than one param group
WARN get_lr: optimizer has more than one param group
WARN get_lr: optimizer has more than one param group
WARN get_lr: optimizer has more than one param group
WARN get_lr: optimizer has more than one param group
WARN get_lr: optimizer has more than one param group
WARN get_lr: optimizer has more than one param group
WARN get_lr: optimizer has more than one param group
WARN get_lr: optimizer has more than one param group
WARN get_lr: optimizer has more than one param group
Overall Acc: 	 0.9143211464450767
Mean Acc : 	 0.5233282292293879
FreqW Acc : 	 0.8503405977599525
Mean IoU : 	 0.43812633001543455
WARN get_lr: optimizer has more than one param group
WARN get_lr: optimizer has more than one param group
WARN get_lr: optimizer has more than one param group
WARN get_lr: optimizer has more than one param group
WARN get_lr: optimizer has more than one param group
WARN get_lr: optimizer has more than one param group
WARN get_lr: optimizer has more than one param group
WARN get_lr: optimizer has more than one param group
WARN get_lr: optimizer has more than one param group
WARN get_lr: optimizer has more than one param group
WARN get_lr: optimizer has more than one param group
WARN get_lr: optimizer has more than one param group
WARN get_lr: optimizer has more than one param group
WARN get_lr: optimizer has more than one param group
WARN get_lr: optimizer has more than one param group
WARN get_lr: optimizer has more than one param group
WARN get_lr: optimizer has more than one param group
WARN get_lr: optimizer has more than one param group
WARN get_lr: optimizer has more than one param group
WARN get_lr: optimizer has more than one param group
WARN get_lr: optimizer has more than one param group
WARN get_lr: optimizer has more than one param group
WARN get_lr: optimizer has more than one param group
WARN get_lr: optimizer has more than one param group
WARN get_lr: optimizer has more than one param group
Overall Acc: 	 0.9262270220483787
Mean Acc : 	 0.6277776966490085
FreqW Acc : 	 0.8708471216508038
Mean IoU : 	 0.5294850102280539
WARN get_lr: optimizer has more than one param group
WARN get_lr: optimizer has more than one param group
WARN get_lr: optimizer has more than one param group
WARN get_lr: optimizer has more than one param group
WARN get_lr: optimizer has more than one param group
WARN get_lr: optimizer has more than one param group
WARN get_lr: optimizer has more than one param group
WARN get_lr: optimizer has more than one param group
WARN get_lr: optimizer has more than one param group
WARN get_lr: optimizer has more than one param group
WARN get_lr: optimizer has more than one param group
WARN get_lr: optimizer has more than one param group
WARN get_lr: optimizer has more than one param group
WARN get_lr: optimizer has more than one param group
WARN get_lr: optimizer has more than one param group
WARN get_lr: optimizer has more than one param group
WARN get_lr: optimizer has more than one param group
WARN get_lr: optimizer has more than one param group
WARN get_lr: optimizer has more than one param group
WARN get_lr: optimizer has more than one param group
WARN get_lr: optimizer has more than one param group
WARN get_lr: optimizer has more than one param group
WARN get_lr: optimizer has more than one param group
WARN get_lr: optimizer has more than one param group
WARN get_lr: optimizer has more than one param group
Overall Acc: 	 0.9296822549170849
Mean Acc : 	 0.6682368247482112
FreqW Acc : 	 0.8771185562007743
Mean IoU : 	 0.5624596601725478
WARN get_lr: optimizer has more than one param group
WARN get_lr: optimizer has more than one param group
WARN get_lr: optimizer has more than one param group
WARN get_lr: optimizer has more than one param group
WARN get_lr: optimizer has more than one param group
WARN get_lr: optimizer has more than one param group
WARN get_lr: optimizer has more than one param group
WARN get_lr: optimizer has more than one param group
WARN get_lr: optimizer has more than one param group
WARN get_lr: optimizer has more than one param group
WARN get_lr: optimizer has more than one param group
WARN get_lr: optimizer has more than one param group
WARN get_lr: optimizer has more than one param group
WARN get_lr: optimizer has more than one param group
WARN get_lr: optimizer has more than one param group
WARN get_lr: optimizer has more than one param group
WARN get_lr: optimizer has more than one param group
WARN get_lr: optimizer has more than one param group
WARN get_lr: optimizer has more than one param group
WARN get_lr: optimizer has more than one param group
WARN get_lr: optimizer has more than one param group
WARN get_lr: optimizer has more than one param group
WARN get_lr: optimizer has more than one param group
WARN get_lr: optimizer has more than one param group
WARN get_lr: optimizer has more than one param group
Overall Acc: 	 0.930340285452279
Mean Acc : 	 0.6930713213611617
FreqW Acc : 	 0.8790023142166319
Mean IoU : 	 0.5709136841826261
WARN get_lr: optimizer has more than one param group
WARN get_lr: optimizer has more than one param group
WARN get_lr: optimizer has more than one param group
WARN get_lr: optimizer has more than one param group
WARN get_lr: optimizer has more than one param group
WARN get_lr: optimizer has more than one param group
WARN get_lr: optimizer has more than one param group
WARN get_lr: optimizer has more than one param group
WARN get_lr: optimizer has more than one param group
WARN get_lr: optimizer has more than one param group
WARN get_lr: optimizer has more than one param group
WARN get_lr: optimizer has more than one param group
WARN get_lr: optimizer has more than one param group
WARN get_lr: optimizer has more than one param group
WARN get_lr: optimizer has more than one param group
WARN get_lr: optimizer has more than one param group
WARN get_lr: optimizer has more than one param group
WARN get_lr: optimizer has more than one param group
WARN get_lr: optimizer has more than one param group
WARN get_lr: optimizer has more than one param group
WARN get_lr: optimizer has more than one param group
WARN get_lr: optimizer has more than one param group
WARN get_lr: optimizer has more than one param group
WARN get_lr: optimizer has more than one param group
WARN get_lr: optimizer has more than one param group
Overall Acc: 	 0.9310540450573478
Mean Acc : 	 0.6855872708936043
FreqW Acc : 	 0.8795104480219312
Mean IoU : 	 0.5684507051541329
WARN get_lr: optimizer has more than one param group
WARN get_lr: optimizer has more than one param group
WARN get_lr: optimizer has more than one param group
WARN get_lr: optimizer has more than one param group
WARN get_lr: optimizer has more than one param group
WARN get_lr: optimizer has more than one param group
WARN get_lr: optimizer has more than one param group
WARN get_lr: optimizer has more than one param group
WARN get_lr: optimizer has more than one param group
WARN get_lr: optimizer has more than one param group
WARN get_lr: optimizer has more than one param group
WARN get_lr: optimizer has more than one param group
WARN get_lr: optimizer has more than one param group
WARN get_lr: optimizer has more than one param group
WARN get_lr: optimizer has more than one param group
WARN get_lr: optimizer has more than one param group
WARN get_lr: optimizer has more than one param group
WARN get_lr: optimizer has more than one param group
WARN get_lr: optimizer has more than one param group
WARN get_lr: optimizer has more than one param group
WARN get_lr: optimizer has more than one param group
WARN get_lr: optimizer has more than one param group
WARN get_lr: optimizer has more than one param group
WARN get_lr: optimizer has more than one param group
WARN get_lr: optimizer has more than one param group
Overall Acc: 	 0.9340981653410004
Mean Acc : 	 0.7076630356515906
FreqW Acc : 	 0.8840471659616798
Mean IoU : 	 0.5969200539085354
WARN get_lr: optimizer has more than one param group
WARN get_lr: optimizer has more than one param group
WARN get_lr: optimizer has more than one param group
WARN get_lr: optimizer has more than one param group
WARN get_lr: optimizer has more than one param group
WARN get_lr: optimizer has more than one param group
WARN get_lr: optimizer has more than one param group
WARN get_lr: optimizer has more than one param group
WARN get_lr: optimizer has more than one param group
WARN get_lr: optimizer has more than one param group
WARN get_lr: optimizer has more than one param group
WARN get_lr: optimizer has more than one param group
WARN get_lr: optimizer has more than one param group
WARN get_lr: optimizer has more than one param group
WARN get_lr: optimizer has more than one param group
WARN get_lr: optimizer has more than one param group
WARN get_lr: optimizer has more than one param group
WARN get_lr: optimizer has more than one param group
WARN get_lr: optimizer has more than one param group
WARN get_lr: optimizer has more than one param group
WARN get_lr: optimizer has more than one param group
WARN get_lr: optimizer has more than one param group
WARN get_lr: optimizer has more than one param group
WARN get_lr: optimizer has more than one param group
WARN get_lr: optimizer has more than one param group
Overall Acc: 	 0.9335437014475202
Mean Acc : 	 0.7009568037201029
FreqW Acc : 	 0.8827082190202371
Mean IoU : 	 0.5934467511119453
WARN get_lr: optimizer has more than one param group
WARN get_lr: optimizer has more than one param group
WARN get_lr: optimizer has more than one param group
WARN get_lr: optimizer has more than one param group
WARN get_lr: optimizer has more than one param group
WARN get_lr: optimizer has more than one param group
WARN get_lr: optimizer has more than one param group
WARN get_lr: optimizer has more than one param group
WARN get_lr: optimizer has more than one param group
WARN get_lr: optimizer has more than one param group
WARN get_lr: optimizer has more than one param group
WARN get_lr: optimizer has more than one param group
WARN get_lr: optimizer has more than one param group
WARN get_lr: optimizer has more than one param group
WARN get_lr: optimizer has more than one param group
WARN get_lr: optimizer has more than one param group
WARN get_lr: optimizer has more than one param group
WARN get_lr: optimizer has more than one param group
WARN get_lr: optimizer has more than one param group
WARN get_lr: optimizer has more than one param group
WARN get_lr: optimizer has more than one param group
WARN get_lr: optimizer has more than one param group
WARN get_lr: optimizer has more than one param group
WARN get_lr: optimizer has more than one param group
WARN get_lr: optimizer has more than one param group
Overall Acc: 	 0.9312941577355507
Mean Acc : 	 0.6878018652908513
FreqW Acc : 	 0.8783318595095857
Mean IoU : 	 0.5856532398640476
WARN get_lr: optimizer has more than one param group
WARN get_lr: optimizer has more than one param group
WARN get_lr: optimizer has more than one param group
WARN get_lr: optimizer has more than one param group
WARN get_lr: optimizer has more than one param group
WARN get_lr: optimizer has more than one param group
WARN get_lr: optimizer has more than one param group
WARN get_lr: optimizer has more than one param group
WARN get_lr: optimizer has more than one param group
WARN get_lr: optimizer has more than one param group
WARN get_lr: optimizer has more than one param group
WARN get_lr: optimizer has more than one param group
WARN get_lr: optimizer has more than one param group
WARN get_lr: optimizer has more than one param group
WARN get_lr: optimizer has more than one param group
WARN get_lr: optimizer has more than one param group
WARN get_lr: optimizer has more than one param group
WARN get_lr: optimizer has more than one param group
WARN get_lr: optimizer has more than one param group
WARN get_lr: optimizer has more than one param group
WARN get_lr: optimizer has more than one param group
WARN get_lr: optimizer has more than one param group
WARN get_lr: optimizer has more than one param group
WARN get_lr: optimizer has more than one param group
WARN get_lr: optimizer has more than one param group
Overall Acc: 	 0.9369170223988066
Mean Acc : 	 0.7134518452530678
FreqW Acc : 	 0.8878265292040346
Mean IoU : 	 0.6128848862827885
WARN get_lr: optimizer has more than one param group
WARN get_lr: optimizer has more than one param group
WARN get_lr: optimizer has more than one param group
WARN get_lr: optimizer has more than one param group
WARN get_lr: optimizer has more than one param group
WARN get_lr: optimizer has more than one param group
WARN get_lr: optimizer has more than one param group
WARN get_lr: optimizer has more than one param group
WARN get_lr: optimizer has more than one param group
WARN get_lr: optimizer has more than one param group
WARN get_lr: optimizer has more than one param group
WARN get_lr: optimizer has more than one param group
WARN get_lr: optimizer has more than one param group
WARN get_lr: optimizer has more than one param group
WARN get_lr: optimizer has more than one param group
WARN get_lr: optimizer has more than one param group
WARN get_lr: optimizer has more than one param group
WARN get_lr: optimizer has more than one param group
WARN get_lr: optimizer has more than one param group
WARN get_lr: optimizer has more than one param group
WARN get_lr: optimizer has more than one param group
WARN get_lr: optimizer has more than one param group
WARN get_lr: optimizer has more than one param group
WARN get_lr: optimizer has more than one param group
WARN get_lr: optimizer has more than one param group
Overall Acc: 	 0.9368401882612174
Mean Acc : 	 0.715509257968206
FreqW Acc : 	 0.8869138425544241
Mean IoU : 	 0.6150115956975672
WARN get_lr: optimizer has more than one param group
WARN get_lr: optimizer has more than one param group
WARN get_lr: optimizer has more than one param group
WARN get_lr: optimizer has more than one param group
WARN get_lr: optimizer has more than one param group
WARN get_lr: optimizer has more than one param group
WARN get_lr: optimizer has more than one param group
WARN get_lr: optimizer has more than one param group
WARN get_lr: optimizer has more than one param group
WARN get_lr: optimizer has more than one param group
WARN get_lr: optimizer has more than one param group
WARN get_lr: optimizer has more than one param group
WARN get_lr: optimizer has more than one param group
WARN get_lr: optimizer has more than one param group
WARN get_lr: optimizer has more than one param group
WARN get_lr: optimizer has more than one param group
WARN get_lr: optimizer has more than one param group
WARN get_lr: optimizer has more than one param group
WARN get_lr: optimizer has more than one param group
WARN get_lr: optimizer has more than one param group
WARN get_lr: optimizer has more than one param group
WARN get_lr: optimizer has more than one param group
WARN get_lr: optimizer has more than one param group
WARN get_lr: optimizer has more than one param group
WARN get_lr: optimizer has more than one param group
Overall Acc: 	 0.9365537866467766
Mean Acc : 	 0.7298065149069597
FreqW Acc : 	 0.8871175331103861
Mean IoU : 	 0.6187674552040762
WARN get_lr: optimizer has more than one param group
WARN get_lr: optimizer has more than one param group
WARN get_lr: optimizer has more than one param group
WARN get_lr: optimizer has more than one param group
WARN get_lr: optimizer has more than one param group
WARN get_lr: optimizer has more than one param group
WARN get_lr: optimizer has more than one param group
WARN get_lr: optimizer has more than one param group
WARN get_lr: optimizer has more than one param group
WARN get_lr: optimizer has more than one param group
WARN get_lr: optimizer has more than one param group
WARN get_lr: optimizer has more than one param group
WARN get_lr: optimizer has more than one param group
WARN get_lr: optimizer has more than one param group
WARN get_lr: optimizer has more than one param group
WARN get_lr: optimizer has more than one param group
WARN get_lr: optimizer has more than one param group
WARN get_lr: optimizer has more than one param group
WARN get_lr: optimizer has more than one param group
WARN get_lr: optimizer has more than one param group
WARN get_lr: optimizer has more than one param group
WARN get_lr: optimizer has more than one param group
WARN get_lr: optimizer has more than one param group
WARN get_lr: optimizer has more than one param group
WARN get_lr: optimizer has more than one param group
Overall Acc: 	 0.9363667420026266
Mean Acc : 	 0.6844337435365195
FreqW Acc : 	 0.8862057324137913
Mean IoU : 	 0.5941384809235134
WARN get_lr: optimizer has more than one param group
WARN get_lr: optimizer has more than one param group
WARN get_lr: optimizer has more than one param group
WARN get_lr: optimizer has more than one param group
WARN get_lr: optimizer has more than one param group
Overall Acc: 	 0.9386805606355771
Mean Acc : 	 0.7290053034415213
FreqW Acc : 	 0.8907306609535692
Mean IoU : 	 0.6254618034948269
WARN get_lr: optimizer has more than one param group
WARN get_lr: optimizer has more than one param group
WARN get_lr: optimizer has more than one param group
WARN get_lr: optimizer has more than one param group
WARN get_lr: optimizer has more than one param group
Overall Acc: 	 0.9382038338869241
Mean Acc : 	 0.72377816058223
FreqW Acc : 	 0.8900215463943073
Mean IoU : 	 0.6221135684734941
WARN get_lr: optimizer has more than one param group
WARN get_lr: optimizer has more than one param group
WARN get_lr: optimizer has more than one param group
WARN get_lr: optimizer has more than one param group
WARN get_lr: optimizer has more than one param group
Overall Acc: 	 0.9389904448005569
Mean Acc : 	 0.7351636679202332
FreqW Acc : 	 0.8914937831827319
Mean IoU : 	 0.6272593853145157
WARN get_lr: optimizer has more than one param group
WARN get_lr: optimizer has more than one param group
WARN get_lr: optimizer has more than one param group
WARN get_lr: optimizer has more than one param group
WARN get_lr: optimizer has more than one param group
Overall Acc: 	 0.9389694749658104
Mean Acc : 	 0.7303863075145688
FreqW Acc : 	 0.891199442300969
Mean IoU : 	 0.6261394520797936
WARN get_lr: optimizer has more than one param group
WARN get_lr: optimizer has more than one param group
WARN get_lr: optimizer has more than one param group
WARN get_lr: optimizer has more than one param group
WARN get_lr: optimizer has more than one param group
Overall Acc: 	 0.9390480235084455
Mean Acc : 	 0.7281765347619801
FreqW Acc : 	 0.8911640636368388
Mean IoU : 	 0.6264394390757186
WARN get_lr: optimizer has more than one param group
WARN get_lr: optimizer has more than one param group
WARN get_lr: optimizer has more than one param group
WARN get_lr: optimizer has more than one param group
WARN get_lr: optimizer has more than one param group
Overall Acc: 	 0.9382675417019103
Mean Acc : 	 0.7262225894185568
FreqW Acc : 	 0.8902477097934666
Mean IoU : 	 0.6211709697761784
WARN get_lr: optimizer has more than one param group
WARN get_lr: optimizer has more than one param group
WARN get_lr: optimizer has more than one param group
WARN get_lr: optimizer has more than one param group
WARN get_lr: optimizer has more than one param group
Overall Acc: 	 0.9382671054665297
Mean Acc : 	 0.7267824145544994
FreqW Acc : 	 0.8902151743506902
Mean IoU : 	 0.6253520978281175
WARN get_lr: optimizer has more than one param group
WARN get_lr: optimizer has more than one param group
WARN get_lr: optimizer has more than one param group
WARN get_lr: optimizer has more than one param group
WARN get_lr: optimizer has more than one param group
Overall Acc: 	 0.9392322282602676
Mean Acc : 	 0.7318707065701856
FreqW Acc : 	 0.8916625393505188
Mean IoU : 	 0.6291575708981183
WARN get_lr: optimizer has more than one param group
WARN get_lr: optimizer has more than one param group
WARN get_lr: optimizer has more than one param group
WARN get_lr: optimizer has more than one param group
WARN get_lr: optimizer has more than one param group
Overall Acc: 	 0.9394052304875153
Mean Acc : 	 0.7338748185053873
FreqW Acc : 	 0.8918417971767907
Mean IoU : 	 0.6304614916408952
WARN get_lr: optimizer has more than one param group
WARN get_lr: optimizer has more than one param group
WARN get_lr: optimizer has more than one param group
WARN get_lr: optimizer has more than one param group
WARN get_lr: optimizer has more than one param group
Overall Acc: 	 0.9391924479559085
Mean Acc : 	 0.7352307921314927
FreqW Acc : 	 0.8916339544082182
Mean IoU : 	 0.6310086862314389
WARN get_lr: optimizer has more than one param group
WARN get_lr: optimizer has more than one param group
WARN get_lr: optimizer has more than one param group
WARN get_lr: optimizer has more than one param group
WARN get_lr: optimizer has more than one param group
Overall Acc: 	 0.9392998403819105
Mean Acc : 	 0.7327180824323222
FreqW Acc : 	 0.8915164853541053
Mean IoU : 	 0.6300879261096691
WARN get_lr: optimizer has more than one param group
WARN get_lr: optimizer has more than one param group
WARN get_lr: optimizer has more than one param group
WARN get_lr: optimizer has more than one param group
WARN get_lr: optimizer has more than one param group
Overall Acc: 	 0.9393011534504061
Mean Acc : 	 0.7313748676081433
FreqW Acc : 	 0.8919810286883665
Mean IoU : 	 0.6278890364746159
WARN get_lr: optimizer has more than one param group
WARN get_lr: optimizer has more than one param group
WARN get_lr: optimizer has more than one param group
WARN get_lr: optimizer has more than one param group
WARN get_lr: optimizer has more than one param group
Overall Acc: 	 0.9391491734061507
Mean Acc : 	 0.738500933681999
FreqW Acc : 	 0.8918192172962826
Mean IoU : 	 0.6306489136715268
WARN get_lr: optimizer has more than one param group
WARN get_lr: optimizer has more than one param group
WARN get_lr: optimizer has more than one param group
WARN get_lr: optimizer has more than one param group
WARN get_lr: optimizer has more than one param group
Overall Acc: 	 0.939317974686683
Mean Acc : 	 0.7322820237425085
FreqW Acc : 	 0.8915921542428864
Mean IoU : 	 0.6281470210299143
WARN get_lr: optimizer has more than one param group
WARN get_lr: optimizer has more than one param group
WARN get_lr: optimizer has more than one param group
WARN get_lr: optimizer has more than one param group
WARN get_lr: optimizer has more than one param group
Overall Acc: 	 0.9389642881271347
Mean Acc : 	 0.7296247330318968
FreqW Acc : 	 0.89094243248985
Mean IoU : 	 0.6284699558124253
WARN get_lr: optimizer has more than one param group
WARN get_lr: optimizer has more than one param group
WARN get_lr: optimizer has more than one param group
WARN get_lr: optimizer has more than one param group
WARN get_lr: optimizer has more than one param group
Overall Acc: 	 0.9385665025329593
Mean Acc : 	 0.7231372141817403
FreqW Acc : 	 0.8903811680019145
Mean IoU : 	 0.6266310599373713
WARN get_lr: optimizer has more than one param group
WARN get_lr: optimizer has more than one param group
WARN get_lr: optimizer has more than one param group
WARN get_lr: optimizer has more than one param group
WARN get_lr: optimizer has more than one param group
Overall Acc: 	 0.9395095343670224
Mean Acc : 	 0.7323119777729893
FreqW Acc : 	 0.8920974557010086
Mean IoU : 	 0.6329183026501779
WARN get_lr: optimizer has more than one param group
WARN get_lr: optimizer has more than one param group
WARN get_lr: optimizer has more than one param group
WARN get_lr: optimizer has more than one param group
WARN get_lr: optimizer has more than one param group
Overall Acc: 	 0.9392004005268973
Mean Acc : 	 0.7333186877519592
FreqW Acc : 	 0.8916049246005295
Mean IoU : 	 0.6294816394145004
WARN get_lr: optimizer has more than one param group
WARN get_lr: optimizer has more than one param group
WARN get_lr: optimizer has more than one param group
WARN get_lr: optimizer has more than one param group
WARN get_lr: optimizer has more than one param group
Overall Acc: 	 0.9392879878666189
Mean Acc : 	 0.7357796121788652
FreqW Acc : 	 0.8918057626771181
Mean IoU : 	 0.6296152891465028
WARN get_lr: optimizer has more than one param group
WARN get_lr: optimizer has more than one param group
WARN get_lr: optimizer has more than one param group
WARN get_lr: optimizer has more than one param group
WARN get_lr: optimizer has more than one param group
Overall Acc: 	 0.9391561051863487
Mean Acc : 	 0.7253361360267319
FreqW Acc : 	 0.8913060829030479
Mean IoU : 	 0.6278429389887031
Resolved base cfg vars {('model', 'variant'): 'ct_cos_1pct', ('training', 'cross_task_lambda'): 0.05, ('training', 'cross_task_type'): 'cosine', ('training', 'cross_task_detach_depth'): True}
Resolved vars {('config', 'general', 'tag'): 'cityscapes_pad_transfer_ct_cos_1pct_D372_S42', ('model', 'variant'): 'ct_cos_1pct', ('training', 'cross_task_lambda'): 0.05, ('training', 'cross_task_type'): 'cosine', ('training', 'cross_task_detach_depth'): True}
Resolved base cfg vars {('model', 'variant'): 'ct_cos_2p5pct', ('training', 'cross_task_lambda'): 0.12, ('training', 'cross_task_type'): 'cosine', ('training', 'cross_task_detach_depth'): True}
Resolved vars {('config', 'general', 'tag'): 'cityscapes_pad_transfer_ct_cos_2p5pct_D372_S42', ('model', 'variant'): 'ct_cos_2p5pct', ('training', 'cross_task_lambda'): 0.12, ('training', 'cross_task_type'): 'cosine', ('training', 'cross_task_detach_depth'): True}
Resolved base cfg vars {('model', 'variant'): 'ct_cos_5pct', ('training', 'cross_task_lambda'): 0.24, ('training', 'cross_task_type'): 'cosine', ('training', 'cross_task_detach_depth'): True}
Resolved vars {('config', 'general', 'tag'): 'cityscapes_pad_transfer_ct_cos_5pct_D372_S42', ('model', 'variant'): 'ct_cos_5pct', ('training', 'cross_task_lambda'): 0.24, ('training', 'cross_task_type'): 'cosine', ('training', 'cross_task_detach_depth'): True}
Resolved base cfg vars {('model', 'variant'): 'ct_cos_10pct', ('training', 'cross_task_lambda'): 0.48, ('training', 'cross_task_type'): 'cosine', ('training', 'cross_task_detach_depth'): True}
Resolved vars {('config', 'general', 'tag'): 'cityscapes_pad_transfer_ct_cos_10pct_D372_S42', ('model', 'variant'): 'ct_cos_10pct', ('training', 'cross_task_lambda'): 0.48, ('training', 'cross_task_type'): 'cosine', ('training', 'cross_task_detach_depth'): True}

==========================================
Done!  End: Tue Mar  3 11:56:35 PM UTC 2026
==========================================
