==========================================
exp 216: cosine λ=0.24  (5% contribution)
==========================================
Run ID  : 7
Config  : configs/cityscapes_joint.yml
Time    : 24h
==========================================
Host    : nid011133
Job ID  : 2561056
Start   : Tue Mar  3 08:05:25 PM UTC 2026
GPU     : 0

Start experiment cityscapes_joint_216
Run ID: cityscapes_joint_216_2026-03-03_20-05-39
Resolved base cfg vars {('model', 'variant'): 'ct_baseline_0pct', ('training', 'cross_task_lambda'): 0.0, ('training', 'cross_task_type'): 'mse', ('training', 'cross_task_detach_depth'): False}
Resolved vars {('config', 'general', 'tag'): 'cityscapes_pad_transfer_ct_baseline_0pct_D372_S42', ('model', 'variant'): 'ct_baseline_0pct', ('training', 'cross_task_lambda'): 0.0, ('training', 'cross_task_type'): 'mse', ('training', 'cross_task_detach_depth'): False}
Resolved base cfg vars {('model', 'variant'): 'ct_mse_1pct', ('training', 'cross_task_lambda'): 0.3, ('training', 'cross_task_type'): 'mse', ('training', 'cross_task_detach_depth'): True}
Resolved vars {('config', 'general', 'tag'): 'cityscapes_pad_transfer_ct_mse_1pct_D372_S42', ('model', 'variant'): 'ct_mse_1pct', ('training', 'cross_task_lambda'): 0.3, ('training', 'cross_task_type'): 'mse', ('training', 'cross_task_detach_depth'): True}
Resolved base cfg vars {('model', 'variant'): 'ct_mse_2p5pct', ('training', 'cross_task_lambda'): 0.75, ('training', 'cross_task_type'): 'mse', ('training', 'cross_task_detach_depth'): True}
Resolved vars {('config', 'general', 'tag'): 'cityscapes_pad_transfer_ct_mse_2p5pct_D372_S42', ('model', 'variant'): 'ct_mse_2p5pct', ('training', 'cross_task_lambda'): 0.75, ('training', 'cross_task_type'): 'mse', ('training', 'cross_task_detach_depth'): True}
Resolved base cfg vars {('model', 'variant'): 'ct_mse_5pct', ('training', 'cross_task_lambda'): 1.5, ('training', 'cross_task_type'): 'mse', ('training', 'cross_task_detach_depth'): True}
Resolved vars {('config', 'general', 'tag'): 'cityscapes_pad_transfer_ct_mse_5pct_D372_S42', ('model', 'variant'): 'ct_mse_5pct', ('training', 'cross_task_lambda'): 1.5, ('training', 'cross_task_type'): 'mse', ('training', 'cross_task_detach_depth'): True}
Resolved base cfg vars {('model', 'variant'): 'ct_mse_10pct', ('training', 'cross_task_lambda'): 3.0, ('training', 'cross_task_type'): 'mse', ('training', 'cross_task_detach_depth'): True}
Resolved vars {('config', 'general', 'tag'): 'cityscapes_pad_transfer_ct_mse_10pct_D372_S42', ('model', 'variant'): 'ct_mse_10pct', ('training', 'cross_task_lambda'): 3.0, ('training', 'cross_task_type'): 'mse', ('training', 'cross_task_detach_depth'): True}
Resolved base cfg vars {('model', 'variant'): 'ct_cos_1pct', ('training', 'cross_task_lambda'): 0.05, ('training', 'cross_task_type'): 'cosine', ('training', 'cross_task_detach_depth'): True}
Resolved vars {('config', 'general', 'tag'): 'cityscapes_pad_transfer_ct_cos_1pct_D372_S42', ('model', 'variant'): 'ct_cos_1pct', ('training', 'cross_task_lambda'): 0.05, ('training', 'cross_task_type'): 'cosine', ('training', 'cross_task_detach_depth'): True}
Resolved base cfg vars {('model', 'variant'): 'ct_cos_2p5pct', ('training', 'cross_task_lambda'): 0.12, ('training', 'cross_task_type'): 'cosine', ('training', 'cross_task_detach_depth'): True}
Resolved vars {('config', 'general', 'tag'): 'cityscapes_pad_transfer_ct_cos_2p5pct_D372_S42', ('model', 'variant'): 'ct_cos_2p5pct', ('training', 'cross_task_lambda'): 0.12, ('training', 'cross_task_type'): 'cosine', ('training', 'cross_task_detach_depth'): True}
Resolved base cfg vars {('model', 'variant'): 'ct_cos_5pct', ('training', 'cross_task_lambda'): 0.24, ('training', 'cross_task_type'): 'cosine', ('training', 'cross_task_detach_depth'): True}
Resolved vars {('config', 'general', 'tag'): 'cityscapes_pad_transfer_ct_cos_5pct_D372_S42', ('model', 'variant'): 'ct_cos_5pct', ('training', 'cross_task_lambda'): 0.24, ('training', 'cross_task_type'): 'cosine', ('training', 'cross_task_detach_depth'): True}
Dispatch job 7_tag=cityscapes_pad_transfer_ct_cos_5pct_D372_S42
Start 2026-03-03_20-05-397_tag=cityscapes_pad_transfer_ct_cos_5pct_D372_S42
RUNDIR: /scratch/u5hv/shijie.u5hv/sde_seg/logs//cityscapes_joint_216/2026-03-03_20-05-397_tag=cityscapes_pad_transfer_ct_cos_5pct_D372_S42
Restrict subset from 2975 to 372 images ...
Use image subset [np.int64(0), np.int64(30), np.int64(32), np.int64(44), np.int64(45), np.int64(51), np.int64(52), np.int64(56), np.int64(63), np.int64(67), np.int64(70), np.int64(73), np.int64(80), np.int64(88), np.int64(93), np.int64(102), np.int64(108), np.int64(120), np.int64(124), np.int64(141), np.int64(144), np.int64(162), np.int64(174), np.int64(175), np.int64(177), np.int64(178), np.int64(184), np.int64(192), np.int64(194), np.int64(196), np.int64(203), np.int64(211), np.int64(233), np.int64(239), np.int64(246), np.int64(251), np.int64(256), np.int64(289), np.int64(296), np.int64(298), np.int64(309), np.int64(313), np.int64(318), np.int64(321), np.int64(322), np.int64(324), np.int64(331), np.int64(332), np.int64(354), np.int64(368), np.int64(387), np.int64(393), np.int64(402), np.int64(410), np.int64(411), np.int64(414), np.int64(420), np.int64(432), np.int64(439), np.int64(457), np.int64(463), np.int64(471), np.int64(478), np.int64(479), np.int64(485), np.int64(486), np.int64(495), np.int64(506), np.int64(507), np.int64(527), np.int64(528), np.int64(532), np.int64(533), np.int64(535), np.int64(543), np.int64(555), np.int64(557), np.int64(567), np.int64(572), np.int64(594), np.int64(599), np.int64(601), np.int64(602), np.int64(612), np.int64(637), np.int64(642), np.int64(644), np.int64(651), np.int64(676), np.int64(680), np.int64(685), np.int64(691), np.int64(693), np.int64(700), np.int64(705), np.int64(718), np.int64(727), np.int64(729), np.int64(741), np.int64(744), np.int64(748), np.int64(755), np.int64(759), np.int64(772), np.int64(783), np.int64(790), np.int64(798), np.int64(809), np.int64(811), np.int64(834), np.int64(857), np.int64(859), np.int64(862), np.int64(869), np.int64(879), np.int64(889), np.int64(912), np.int64(926), np.int64(929), np.int64(930), np.int64(942), np.int64(944), np.int64(952), np.int64(962), np.int64(965), np.int64(969), np.int64(999), np.int64(1001), np.int64(1005), np.int64(1018), np.int64(1023), np.int64(1025), np.int64(1027), np.int64(1047), np.int64(1048), np.int64(1055), np.int64(1071), np.int64(1089), np.int64(1090), np.int64(1091), np.int64(1097), np.int64(1106), np.int64(1149), np.int64(1151), np.int64(1159), np.int64(1173), np.int64(1177), np.int64(1188), np.int64(1196), np.int64(1208), np.int64(1210), np.int64(1222), np.int64(1225), np.int64(1229), np.int64(1230), np.int64(1235), np.int64(1255), np.int64(1263), np.int64(1264), np.int64(1268), np.int64(1269), np.int64(1270), np.int64(1272), np.int64(1286), np.int64(1313), np.int64(1321), np.int64(1322), np.int64(1326), np.int64(1330), np.int64(1337), np.int64(1340), np.int64(1343), np.int64(1370), np.int64(1376), np.int64(1385), np.int64(1399), np.int64(1402), np.int64(1407), np.int64(1410), np.int64(1421), np.int64(1422), np.int64(1426), np.int64(1427), np.int64(1431), np.int64(1432), np.int64(1436), np.int64(1453), np.int64(1461), np.int64(1474), np.int64(1487), np.int64(1488), np.int64(1494), np.int64(1505), np.int64(1507), np.int64(1509), np.int64(1517), np.int64(1518), np.int64(1538), np.int64(1544), np.int64(1554), np.int64(1562), np.int64(1567), np.int64(1575), np.int64(1586), np.int64(1590), np.int64(1596), np.int64(1598), np.int64(1608), np.int64(1610), np.int64(1613), np.int64(1618), np.int64(1620), np.int64(1624), np.int64(1641), np.int64(1655), np.int64(1656), np.int64(1662), np.int64(1690), np.int64(1691), np.int64(1697), np.int64(1702), np.int64(1706), np.int64(1711), np.int64(1716), np.int64(1718), np.int64(1727), np.int64(1731), np.int64(1747), np.int64(1760), np.int64(1762), np.int64(1767), np.int64(1771), np.int64(1775), np.int64(1777), np.int64(1788), np.int64(1795), np.int64(1797), np.int64(1805), np.int64(1807), np.int64(1814), np.int64(1840), np.int64(1850), np.int64(1869), np.int64(1872), np.int64(1877), np.int64(1880), np.int64(1882), np.int64(1891), np.int64(1896), np.int64(1916), np.int64(1922), np.int64(1936), np.int64(1940), np.int64(1941), np.int64(1949), np.int64(1956), np.int64(1957), np.int64(1963), np.int64(1966), np.int64(1979), np.int64(1983), np.int64(1993), np.int64(1999), np.int64(2001), np.int64(2003), np.int64(2013), np.int64(2015), np.int64(2023), np.int64(2033), np.int64(2046), np.int64(2051), np.int64(2064), np.int64(2073), np.int64(2092), np.int64(2113), np.int64(2114), np.int64(2119), np.int64(2124), np.int64(2131), np.int64(2144), np.int64(2149), np.int64(2154), np.int64(2159), np.int64(2185), np.int64(2186), np.int64(2204), np.int64(2215), np.int64(2227), np.int64(2233), np.int64(2241), np.int64(2247), np.int64(2257), np.int64(2261), np.int64(2263), np.int64(2270), np.int64(2287), np.int64(2315), np.int64(2321), np.int64(2332), np.int64(2335), np.int64(2349), np.int64(2356), np.int64(2383), np.int64(2392), np.int64(2395), np.int64(2397), np.int64(2401), np.int64(2403), np.int64(2404), np.int64(2420), np.int64(2424), np.int64(2436), np.int64(2459), np.int64(2462), np.int64(2466), np.int64(2469), np.int64(2478), np.int64(2480), np.int64(2482), np.int64(2496), np.int64(2501), np.int64(2517), np.int64(2519), np.int64(2528), np.int64(2534), np.int64(2539), np.int64(2546), np.int64(2573), np.int64(2578), np.int64(2586), np.int64(2595), np.int64(2608), np.int64(2622), np.int64(2626), np.int64(2632), np.int64(2636), np.int64(2644), np.int64(2645), np.int64(2646), np.int64(2654), np.int64(2655), np.int64(2658), np.int64(2683), np.int64(2686), np.int64(2733), np.int64(2753), np.int64(2754), np.int64(2756), np.int64(2766), np.int64(2769), np.int64(2787), np.int64(2792), np.int64(2798), np.int64(2810), np.int64(2811), np.int64(2815), np.int64(2822), np.int64(2823), np.int64(2838), np.int64(2848), np.int64(2864), np.int64(2865), np.int64(2872), np.int64(2897), np.int64(2898), np.int64(2910), np.int64(2931), np.int64(2932), np.int64(2936), np.int64(2947), np.int64(2956), np.int64(2958)] with class frequencies:
Keep 372 images
Found 372 train images
Restrict subset from 2975 to 372 images ...
Use image subset [np.int64(0), np.int64(30), np.int64(32), np.int64(44), np.int64(45), np.int64(51), np.int64(52), np.int64(56), np.int64(63), np.int64(67), np.int64(70), np.int64(73), np.int64(80), np.int64(88), np.int64(93), np.int64(102), np.int64(108), np.int64(120), np.int64(124), np.int64(141), np.int64(144), np.int64(162), np.int64(174), np.int64(175), np.int64(177), np.int64(178), np.int64(184), np.int64(192), np.int64(194), np.int64(196), np.int64(203), np.int64(211), np.int64(233), np.int64(239), np.int64(246), np.int64(251), np.int64(256), np.int64(289), np.int64(296), np.int64(298), np.int64(309), np.int64(313), np.int64(318), np.int64(321), np.int64(322), np.int64(324), np.int64(331), np.int64(332), np.int64(354), np.int64(368), np.int64(387), np.int64(393), np.int64(402), np.int64(410), np.int64(411), np.int64(414), np.int64(420), np.int64(432), np.int64(439), np.int64(457), np.int64(463), np.int64(471), np.int64(478), np.int64(479), np.int64(485), np.int64(486), np.int64(495), np.int64(506), np.int64(507), np.int64(527), np.int64(528), np.int64(532), np.int64(533), np.int64(535), np.int64(543), np.int64(555), np.int64(557), np.int64(567), np.int64(572), np.int64(594), np.int64(599), np.int64(601), np.int64(602), np.int64(612), np.int64(637), np.int64(642), np.int64(644), np.int64(651), np.int64(676), np.int64(680), np.int64(685), np.int64(691), np.int64(693), np.int64(700), np.int64(705), np.int64(718), np.int64(727), np.int64(729), np.int64(741), np.int64(744), np.int64(748), np.int64(755), np.int64(759), np.int64(772), np.int64(783), np.int64(790), np.int64(798), np.int64(809), np.int64(811), np.int64(834), np.int64(857), np.int64(859), np.int64(862), np.int64(869), np.int64(879), np.int64(889), np.int64(912), np.int64(926), np.int64(929), np.int64(930), np.int64(942), np.int64(944), np.int64(952), np.int64(962), np.int64(965), np.int64(969), np.int64(999), np.int64(1001), np.int64(1005), np.int64(1018), np.int64(1023), np.int64(1025), np.int64(1027), np.int64(1047), np.int64(1048), np.int64(1055), np.int64(1071), np.int64(1089), np.int64(1090), np.int64(1091), np.int64(1097), np.int64(1106), np.int64(1149), np.int64(1151), np.int64(1159), np.int64(1173), np.int64(1177), np.int64(1188), np.int64(1196), np.int64(1208), np.int64(1210), np.int64(1222), np.int64(1225), np.int64(1229), np.int64(1230), np.int64(1235), np.int64(1255), np.int64(1263), np.int64(1264), np.int64(1268), np.int64(1269), np.int64(1270), np.int64(1272), np.int64(1286), np.int64(1313), np.int64(1321), np.int64(1322), np.int64(1326), np.int64(1330), np.int64(1337), np.int64(1340), np.int64(1343), np.int64(1370), np.int64(1376), np.int64(1385), np.int64(1399), np.int64(1402), np.int64(1407), np.int64(1410), np.int64(1421), np.int64(1422), np.int64(1426), np.int64(1427), np.int64(1431), np.int64(1432), np.int64(1436), np.int64(1453), np.int64(1461), np.int64(1474), np.int64(1487), np.int64(1488), np.int64(1494), np.int64(1505), np.int64(1507), np.int64(1509), np.int64(1517), np.int64(1518), np.int64(1538), np.int64(1544), np.int64(1554), np.int64(1562), np.int64(1567), np.int64(1575), np.int64(1586), np.int64(1590), np.int64(1596), np.int64(1598), np.int64(1608), np.int64(1610), np.int64(1613), np.int64(1618), np.int64(1620), np.int64(1624), np.int64(1641), np.int64(1655), np.int64(1656), np.int64(1662), np.int64(1690), np.int64(1691), np.int64(1697), np.int64(1702), np.int64(1706), np.int64(1711), np.int64(1716), np.int64(1718), np.int64(1727), np.int64(1731), np.int64(1747), np.int64(1760), np.int64(1762), np.int64(1767), np.int64(1771), np.int64(1775), np.int64(1777), np.int64(1788), np.int64(1795), np.int64(1797), np.int64(1805), np.int64(1807), np.int64(1814), np.int64(1840), np.int64(1850), np.int64(1869), np.int64(1872), np.int64(1877), np.int64(1880), np.int64(1882), np.int64(1891), np.int64(1896), np.int64(1916), np.int64(1922), np.int64(1936), np.int64(1940), np.int64(1941), np.int64(1949), np.int64(1956), np.int64(1957), np.int64(1963), np.int64(1966), np.int64(1979), np.int64(1983), np.int64(1993), np.int64(1999), np.int64(2001), np.int64(2003), np.int64(2013), np.int64(2015), np.int64(2023), np.int64(2033), np.int64(2046), np.int64(2051), np.int64(2064), np.int64(2073), np.int64(2092), np.int64(2113), np.int64(2114), np.int64(2119), np.int64(2124), np.int64(2131), np.int64(2144), np.int64(2149), np.int64(2154), np.int64(2159), np.int64(2185), np.int64(2186), np.int64(2204), np.int64(2215), np.int64(2227), np.int64(2233), np.int64(2241), np.int64(2247), np.int64(2257), np.int64(2261), np.int64(2263), np.int64(2270), np.int64(2287), np.int64(2315), np.int64(2321), np.int64(2332), np.int64(2335), np.int64(2349), np.int64(2356), np.int64(2383), np.int64(2392), np.int64(2395), np.int64(2397), np.int64(2401), np.int64(2403), np.int64(2404), np.int64(2420), np.int64(2424), np.int64(2436), np.int64(2459), np.int64(2462), np.int64(2466), np.int64(2469), np.int64(2478), np.int64(2480), np.int64(2482), np.int64(2496), np.int64(2501), np.int64(2517), np.int64(2519), np.int64(2528), np.int64(2534), np.int64(2539), np.int64(2546), np.int64(2573), np.int64(2578), np.int64(2586), np.int64(2595), np.int64(2608), np.int64(2622), np.int64(2626), np.int64(2632), np.int64(2636), np.int64(2644), np.int64(2645), np.int64(2646), np.int64(2654), np.int64(2655), np.int64(2658), np.int64(2683), np.int64(2686), np.int64(2733), np.int64(2753), np.int64(2754), np.int64(2756), np.int64(2766), np.int64(2769), np.int64(2787), np.int64(2792), np.int64(2798), np.int64(2810), np.int64(2811), np.int64(2815), np.int64(2822), np.int64(2823), np.int64(2838), np.int64(2848), np.int64(2864), np.int64(2865), np.int64(2872), np.int64(2897), np.int64(2898), np.int64(2910), np.int64(2931), np.int64(2932), np.int64(2936), np.int64(2947), np.int64(2956), np.int64(2958)] with class frequencies:
Keep 2975 images
Found 2975 train images
Found 500 val images
Load mono_cityscapes_1024x512_r101dil_aspp_dec6_lr5_fd2_crop512x512bs4 weights
Load mono_cityscapes_1024x512_r101dil_aspp_dec6_lr5_fd2_crop512x512bs4depth weights
Load mono_cityscapes_1024x512_r101dil_aspp_dec6_lr5_fd2_crop512x512bs4depth weights
Create segmentation ema model.
Load mono_cityscapes_1024x512_r101dil_aspp_dec6_lr5_fd2_crop512x512bs4 weights
Load mono_cityscapes_1024x512_r101dil_aspp_dec6_lr5_fd2_crop512x512bs4depth weights
Load mono_cityscapes_1024x512_r101dil_aspp_dec6_lr5_fd2_crop512x512bs4depth weights
PAD run first half of decoder ([4, 3, 2]).
bottleneck shape torch.Size([2, 2048, 32, 32])
upconv4-0 shape: torch.Size([2, 256, 32, 32])
concatenated features shape: torch.Size([2, 1280, 32, 32])
upconv4-1 shape: torch.Size([2, 256, 32, 32])
upconv3-0 shape: torch.Size([2, 256, 32, 32])
concatenated features shape: torch.Size([2, 768, 64, 64])
upconv3-1 shape: torch.Size([2, 256, 64, 64])
disp3 shape: torch.Size([2, 1, 64, 64]), expected [64 64]
upconv2-0 shape: torch.Size([2, 128, 64, 64])
concatenated features shape: torch.Size([2, 384, 128, 128])
upconv2-1 shape: torch.Size([2, 128, 128, 128])
disp2 shape: torch.Size([2, 1, 128, 128]), expected [128 128]
bottleneck shape torch.Size([2, 2048, 32, 32])
upconv4-0 shape: torch.Size([2, 256, 32, 32])
concatenated features shape: torch.Size([2, 1280, 32, 32])
upconv4-1 shape: torch.Size([2, 256, 32, 32])
upconv3-0 shape: torch.Size([2, 256, 32, 32])
concatenated features shape: torch.Size([2, 768, 64, 64])
upconv3-1 shape: torch.Size([2, 256, 64, 64])
upconv2-0 shape: torch.Size([2, 128, 64, 64])
concatenated features shape: torch.Size([2, 384, 128, 128])
upconv2-1 shape: torch.Size([2, 128, 128, 128])
PAD self attention for ('upconv', 2) with shape torch.Size([2, 128, 128, 128]).
PAD run second half of decoder ([1, 0]).
bottleneck shape torch.Size([2, 128, 128, 128])
upconv1-0 shape: torch.Size([2, 128, 128, 128])
concatenated features shape: torch.Size([2, 192, 256, 256])
upconv1-1 shape: torch.Size([2, 128, 256, 256])
disp1 shape: torch.Size([2, 1, 256, 256]), expected [256 256]
upconv0-0 shape: torch.Size([2, 64, 256, 256])
concatenated features shape: torch.Size([2, 64, 512, 512])
upconv0-1 shape: torch.Size([2, 64, 512, 512])
disp0 shape: torch.Size([2, 1, 512, 512]), expected [512 512]
WARN get_lr: optimizer has more than one param group
Overall Acc: 	 0.7850997811873868
Mean Acc : 	 0.26967194394802896
FreqW Acc : 	 0.6655846687652187
Mean IoU : 	 0.2080873395528827
WARN get_lr: optimizer has more than one param group
WARN get_lr: optimizer has more than one param group
WARN get_lr: optimizer has more than one param group
WARN get_lr: optimizer has more than one param group
WARN get_lr: optimizer has more than one param group
WARN get_lr: optimizer has more than one param group
WARN get_lr: optimizer has more than one param group
WARN get_lr: optimizer has more than one param group
WARN get_lr: optimizer has more than one param group
WARN get_lr: optimizer has more than one param group
WARN get_lr: optimizer has more than one param group
WARN get_lr: optimizer has more than one param group
WARN get_lr: optimizer has more than one param group
WARN get_lr: optimizer has more than one param group
WARN get_lr: optimizer has more than one param group
WARN get_lr: optimizer has more than one param group
WARN get_lr: optimizer has more than one param group
WARN get_lr: optimizer has more than one param group
WARN get_lr: optimizer has more than one param group
WARN get_lr: optimizer has more than one param group
WARN get_lr: optimizer has more than one param group
WARN get_lr: optimizer has more than one param group
WARN get_lr: optimizer has more than one param group
WARN get_lr: optimizer has more than one param group
Overall Acc: 	 0.9144926523849688
Mean Acc : 	 0.5194016413498616
FreqW Acc : 	 0.850464013365773
Mean IoU : 	 0.43603484317784913
WARN get_lr: optimizer has more than one param group
WARN get_lr: optimizer has more than one param group
WARN get_lr: optimizer has more than one param group
WARN get_lr: optimizer has more than one param group
WARN get_lr: optimizer has more than one param group
WARN get_lr: optimizer has more than one param group
WARN get_lr: optimizer has more than one param group
WARN get_lr: optimizer has more than one param group
WARN get_lr: optimizer has more than one param group
WARN get_lr: optimizer has more than one param group
WARN get_lr: optimizer has more than one param group
WARN get_lr: optimizer has more than one param group
WARN get_lr: optimizer has more than one param group
WARN get_lr: optimizer has more than one param group
WARN get_lr: optimizer has more than one param group
WARN get_lr: optimizer has more than one param group
WARN get_lr: optimizer has more than one param group
WARN get_lr: optimizer has more than one param group
WARN get_lr: optimizer has more than one param group
WARN get_lr: optimizer has more than one param group
WARN get_lr: optimizer has more than one param group
WARN get_lr: optimizer has more than one param group
WARN get_lr: optimizer has more than one param group
WARN get_lr: optimizer has more than one param group
WARN get_lr: optimizer has more than one param group
Overall Acc: 	 0.9263243636112111
Mean Acc : 	 0.6336649914097575
FreqW Acc : 	 0.8709319363743028
Mean IoU : 	 0.5347381743462629
WARN get_lr: optimizer has more than one param group
WARN get_lr: optimizer has more than one param group
WARN get_lr: optimizer has more than one param group
WARN get_lr: optimizer has more than one param group
WARN get_lr: optimizer has more than one param group
WARN get_lr: optimizer has more than one param group
WARN get_lr: optimizer has more than one param group
WARN get_lr: optimizer has more than one param group
WARN get_lr: optimizer has more than one param group
WARN get_lr: optimizer has more than one param group
WARN get_lr: optimizer has more than one param group
WARN get_lr: optimizer has more than one param group
WARN get_lr: optimizer has more than one param group
WARN get_lr: optimizer has more than one param group
WARN get_lr: optimizer has more than one param group
WARN get_lr: optimizer has more than one param group
WARN get_lr: optimizer has more than one param group
WARN get_lr: optimizer has more than one param group
WARN get_lr: optimizer has more than one param group
WARN get_lr: optimizer has more than one param group
WARN get_lr: optimizer has more than one param group
WARN get_lr: optimizer has more than one param group
WARN get_lr: optimizer has more than one param group
WARN get_lr: optimizer has more than one param group
WARN get_lr: optimizer has more than one param group
Overall Acc: 	 0.9305954438887596
Mean Acc : 	 0.6678131296333498
FreqW Acc : 	 0.8780664302573808
Mean IoU : 	 0.568770424116914
WARN get_lr: optimizer has more than one param group
WARN get_lr: optimizer has more than one param group
WARN get_lr: optimizer has more than one param group
WARN get_lr: optimizer has more than one param group
WARN get_lr: optimizer has more than one param group
WARN get_lr: optimizer has more than one param group
WARN get_lr: optimizer has more than one param group
WARN get_lr: optimizer has more than one param group
WARN get_lr: optimizer has more than one param group
WARN get_lr: optimizer has more than one param group
WARN get_lr: optimizer has more than one param group
WARN get_lr: optimizer has more than one param group
WARN get_lr: optimizer has more than one param group
WARN get_lr: optimizer has more than one param group
WARN get_lr: optimizer has more than one param group
WARN get_lr: optimizer has more than one param group
WARN get_lr: optimizer has more than one param group
WARN get_lr: optimizer has more than one param group
WARN get_lr: optimizer has more than one param group
WARN get_lr: optimizer has more than one param group
WARN get_lr: optimizer has more than one param group
WARN get_lr: optimizer has more than one param group
WARN get_lr: optimizer has more than one param group
WARN get_lr: optimizer has more than one param group
WARN get_lr: optimizer has more than one param group
Overall Acc: 	 0.9299994547493977
Mean Acc : 	 0.7007418951774651
FreqW Acc : 	 0.8785915697313299
Mean IoU : 	 0.5769671869525381
WARN get_lr: optimizer has more than one param group
WARN get_lr: optimizer has more than one param group
WARN get_lr: optimizer has more than one param group
WARN get_lr: optimizer has more than one param group
WARN get_lr: optimizer has more than one param group
WARN get_lr: optimizer has more than one param group
WARN get_lr: optimizer has more than one param group
WARN get_lr: optimizer has more than one param group
WARN get_lr: optimizer has more than one param group
WARN get_lr: optimizer has more than one param group
WARN get_lr: optimizer has more than one param group
WARN get_lr: optimizer has more than one param group
WARN get_lr: optimizer has more than one param group
WARN get_lr: optimizer has more than one param group
WARN get_lr: optimizer has more than one param group
WARN get_lr: optimizer has more than one param group
WARN get_lr: optimizer has more than one param group
WARN get_lr: optimizer has more than one param group
WARN get_lr: optimizer has more than one param group
WARN get_lr: optimizer has more than one param group
WARN get_lr: optimizer has more than one param group
WARN get_lr: optimizer has more than one param group
WARN get_lr: optimizer has more than one param group
WARN get_lr: optimizer has more than one param group
WARN get_lr: optimizer has more than one param group
Overall Acc: 	 0.9323136485447757
Mean Acc : 	 0.6959707195784541
FreqW Acc : 	 0.8807149884941478
Mean IoU : 	 0.582445825808433
WARN get_lr: optimizer has more than one param group
WARN get_lr: optimizer has more than one param group
WARN get_lr: optimizer has more than one param group
WARN get_lr: optimizer has more than one param group
WARN get_lr: optimizer has more than one param group
WARN get_lr: optimizer has more than one param group
WARN get_lr: optimizer has more than one param group
WARN get_lr: optimizer has more than one param group
WARN get_lr: optimizer has more than one param group
WARN get_lr: optimizer has more than one param group
WARN get_lr: optimizer has more than one param group
WARN get_lr: optimizer has more than one param group
WARN get_lr: optimizer has more than one param group
WARN get_lr: optimizer has more than one param group
WARN get_lr: optimizer has more than one param group
WARN get_lr: optimizer has more than one param group
WARN get_lr: optimizer has more than one param group
WARN get_lr: optimizer has more than one param group
WARN get_lr: optimizer has more than one param group
WARN get_lr: optimizer has more than one param group
WARN get_lr: optimizer has more than one param group
WARN get_lr: optimizer has more than one param group
WARN get_lr: optimizer has more than one param group
WARN get_lr: optimizer has more than one param group
WARN get_lr: optimizer has more than one param group
Overall Acc: 	 0.9356364621636936
Mean Acc : 	 0.7228168733779374
FreqW Acc : 	 0.8863230614609002
Mean IoU : 	 0.6097165506763691
WARN get_lr: optimizer has more than one param group
WARN get_lr: optimizer has more than one param group
WARN get_lr: optimizer has more than one param group
WARN get_lr: optimizer has more than one param group
WARN get_lr: optimizer has more than one param group
WARN get_lr: optimizer has more than one param group
WARN get_lr: optimizer has more than one param group
WARN get_lr: optimizer has more than one param group
WARN get_lr: optimizer has more than one param group
WARN get_lr: optimizer has more than one param group
WARN get_lr: optimizer has more than one param group
WARN get_lr: optimizer has more than one param group
WARN get_lr: optimizer has more than one param group
WARN get_lr: optimizer has more than one param group
WARN get_lr: optimizer has more than one param group
WARN get_lr: optimizer has more than one param group
WARN get_lr: optimizer has more than one param group
WARN get_lr: optimizer has more than one param group
WARN get_lr: optimizer has more than one param group
WARN get_lr: optimizer has more than one param group
WARN get_lr: optimizer has more than one param group
WARN get_lr: optimizer has more than one param group
WARN get_lr: optimizer has more than one param group
WARN get_lr: optimizer has more than one param group
WARN get_lr: optimizer has more than one param group
Overall Acc: 	 0.935846369904142
Mean Acc : 	 0.7145157261577832
FreqW Acc : 	 0.8865736690778625
Mean IoU : 	 0.6056216496600177
WARN get_lr: optimizer has more than one param group
WARN get_lr: optimizer has more than one param group
WARN get_lr: optimizer has more than one param group
WARN get_lr: optimizer has more than one param group
WARN get_lr: optimizer has more than one param group
WARN get_lr: optimizer has more than one param group
WARN get_lr: optimizer has more than one param group
WARN get_lr: optimizer has more than one param group
WARN get_lr: optimizer has more than one param group
WARN get_lr: optimizer has more than one param group
WARN get_lr: optimizer has more than one param group
WARN get_lr: optimizer has more than one param group
WARN get_lr: optimizer has more than one param group
WARN get_lr: optimizer has more than one param group
WARN get_lr: optimizer has more than one param group
WARN get_lr: optimizer has more than one param group
WARN get_lr: optimizer has more than one param group
WARN get_lr: optimizer has more than one param group
WARN get_lr: optimizer has more than one param group
WARN get_lr: optimizer has more than one param group
WARN get_lr: optimizer has more than one param group
WARN get_lr: optimizer has more than one param group
WARN get_lr: optimizer has more than one param group
WARN get_lr: optimizer has more than one param group
WARN get_lr: optimizer has more than one param group
Overall Acc: 	 0.9328544757202577
Mean Acc : 	 0.6899577990214336
FreqW Acc : 	 0.8806428449149538
Mean IoU : 	 0.5941344081203552
WARN get_lr: optimizer has more than one param group
WARN get_lr: optimizer has more than one param group
WARN get_lr: optimizer has more than one param group
WARN get_lr: optimizer has more than one param group
WARN get_lr: optimizer has more than one param group
WARN get_lr: optimizer has more than one param group
WARN get_lr: optimizer has more than one param group
WARN get_lr: optimizer has more than one param group
WARN get_lr: optimizer has more than one param group
WARN get_lr: optimizer has more than one param group
WARN get_lr: optimizer has more than one param group
WARN get_lr: optimizer has more than one param group
WARN get_lr: optimizer has more than one param group
WARN get_lr: optimizer has more than one param group
WARN get_lr: optimizer has more than one param group
WARN get_lr: optimizer has more than one param group
WARN get_lr: optimizer has more than one param group
WARN get_lr: optimizer has more than one param group
WARN get_lr: optimizer has more than one param group
WARN get_lr: optimizer has more than one param group
WARN get_lr: optimizer has more than one param group
WARN get_lr: optimizer has more than one param group
WARN get_lr: optimizer has more than one param group
WARN get_lr: optimizer has more than one param group
WARN get_lr: optimizer has more than one param group
Overall Acc: 	 0.9363627111877096
Mean Acc : 	 0.7150630525000808
FreqW Acc : 	 0.8869679733845993
Mean IoU : 	 0.6170054115248121
WARN get_lr: optimizer has more than one param group
WARN get_lr: optimizer has more than one param group
WARN get_lr: optimizer has more than one param group
WARN get_lr: optimizer has more than one param group
WARN get_lr: optimizer has more than one param group
WARN get_lr: optimizer has more than one param group
WARN get_lr: optimizer has more than one param group
WARN get_lr: optimizer has more than one param group
WARN get_lr: optimizer has more than one param group
WARN get_lr: optimizer has more than one param group
WARN get_lr: optimizer has more than one param group
WARN get_lr: optimizer has more than one param group
WARN get_lr: optimizer has more than one param group
WARN get_lr: optimizer has more than one param group
WARN get_lr: optimizer has more than one param group
WARN get_lr: optimizer has more than one param group
WARN get_lr: optimizer has more than one param group
WARN get_lr: optimizer has more than one param group
WARN get_lr: optimizer has more than one param group
WARN get_lr: optimizer has more than one param group
WARN get_lr: optimizer has more than one param group
WARN get_lr: optimizer has more than one param group
WARN get_lr: optimizer has more than one param group
WARN get_lr: optimizer has more than one param group
WARN get_lr: optimizer has more than one param group
Overall Acc: 	 0.9380254965009713
Mean Acc : 	 0.7193517162928739
FreqW Acc : 	 0.8884428401314629
Mean IoU : 	 0.623291841251658
WARN get_lr: optimizer has more than one param group
WARN get_lr: optimizer has more than one param group
WARN get_lr: optimizer has more than one param group
WARN get_lr: optimizer has more than one param group
WARN get_lr: optimizer has more than one param group
WARN get_lr: optimizer has more than one param group
WARN get_lr: optimizer has more than one param group
WARN get_lr: optimizer has more than one param group
WARN get_lr: optimizer has more than one param group
WARN get_lr: optimizer has more than one param group
WARN get_lr: optimizer has more than one param group
WARN get_lr: optimizer has more than one param group
WARN get_lr: optimizer has more than one param group
WARN get_lr: optimizer has more than one param group
WARN get_lr: optimizer has more than one param group
WARN get_lr: optimizer has more than one param group
WARN get_lr: optimizer has more than one param group
WARN get_lr: optimizer has more than one param group
WARN get_lr: optimizer has more than one param group
WARN get_lr: optimizer has more than one param group
WARN get_lr: optimizer has more than one param group
WARN get_lr: optimizer has more than one param group
WARN get_lr: optimizer has more than one param group
WARN get_lr: optimizer has more than one param group
WARN get_lr: optimizer has more than one param group
Overall Acc: 	 0.9356125041165897
Mean Acc : 	 0.736231409751023
FreqW Acc : 	 0.8849791775134147
Mean IoU : 	 0.6250033096171242
WARN get_lr: optimizer has more than one param group
WARN get_lr: optimizer has more than one param group
WARN get_lr: optimizer has more than one param group
WARN get_lr: optimizer has more than one param group
WARN get_lr: optimizer has more than one param group
WARN get_lr: optimizer has more than one param group
WARN get_lr: optimizer has more than one param group
WARN get_lr: optimizer has more than one param group
WARN get_lr: optimizer has more than one param group
WARN get_lr: optimizer has more than one param group
WARN get_lr: optimizer has more than one param group
WARN get_lr: optimizer has more than one param group
WARN get_lr: optimizer has more than one param group
WARN get_lr: optimizer has more than one param group
WARN get_lr: optimizer has more than one param group
WARN get_lr: optimizer has more than one param group
WARN get_lr: optimizer has more than one param group
WARN get_lr: optimizer has more than one param group
WARN get_lr: optimizer has more than one param group
WARN get_lr: optimizer has more than one param group
WARN get_lr: optimizer has more than one param group
WARN get_lr: optimizer has more than one param group
WARN get_lr: optimizer has more than one param group
WARN get_lr: optimizer has more than one param group
WARN get_lr: optimizer has more than one param group
Overall Acc: 	 0.9387427372643774
Mean Acc : 	 0.7132758425192899
FreqW Acc : 	 0.8899690679197672
Mean IoU : 	 0.6291640989330508
WARN get_lr: optimizer has more than one param group
WARN get_lr: optimizer has more than one param group
WARN get_lr: optimizer has more than one param group
WARN get_lr: optimizer has more than one param group
WARN get_lr: optimizer has more than one param group
Overall Acc: 	 0.9396901009157702
Mean Acc : 	 0.7311505076138219
FreqW Acc : 	 0.891990449455041
Mean IoU : 	 0.6367942382152711
WARN get_lr: optimizer has more than one param group
WARN get_lr: optimizer has more than one param group
WARN get_lr: optimizer has more than one param group
WARN get_lr: optimizer has more than one param group
WARN get_lr: optimizer has more than one param group
Overall Acc: 	 0.9396056021225434
Mean Acc : 	 0.7283398633365451
FreqW Acc : 	 0.8918764245260185
Mean IoU : 	 0.634533547570082
WARN get_lr: optimizer has more than one param group
WARN get_lr: optimizer has more than one param group
WARN get_lr: optimizer has more than one param group
WARN get_lr: optimizer has more than one param group
WARN get_lr: optimizer has more than one param group
Overall Acc: 	 0.9402632269588335
Mean Acc : 	 0.7405252383106692
FreqW Acc : 	 0.8931258106750504
Mean IoU : 	 0.6411349379269589
WARN get_lr: optimizer has more than one param group
WARN get_lr: optimizer has more than one param group
WARN get_lr: optimizer has more than one param group
WARN get_lr: optimizer has more than one param group
WARN get_lr: optimizer has more than one param group
Overall Acc: 	 0.9402692382823785
Mean Acc : 	 0.7372966556924585
FreqW Acc : 	 0.8931400123013102
Mean IoU : 	 0.6389902123080766
WARN get_lr: optimizer has more than one param group
WARN get_lr: optimizer has more than one param group
WARN get_lr: optimizer has more than one param group
WARN get_lr: optimizer has more than one param group
WARN get_lr: optimizer has more than one param group
Overall Acc: 	 0.9404437716958122
Mean Acc : 	 0.7346281075844224
FreqW Acc : 	 0.8932918630641258
Mean IoU : 	 0.6396893549889991
WARN get_lr: optimizer has more than one param group
WARN get_lr: optimizer has more than one param group
WARN get_lr: optimizer has more than one param group
WARN get_lr: optimizer has more than one param group
WARN get_lr: optimizer has more than one param group
Overall Acc: 	 0.9400099181603668
Mean Acc : 	 0.7331426942159133
FreqW Acc : 	 0.8925253116567702
Mean IoU : 	 0.6358191410857191
WARN get_lr: optimizer has more than one param group
WARN get_lr: optimizer has more than one param group
WARN get_lr: optimizer has more than one param group
WARN get_lr: optimizer has more than one param group
WARN get_lr: optimizer has more than one param group
Overall Acc: 	 0.9396038528186671
Mean Acc : 	 0.7310060813280741
FreqW Acc : 	 0.8921953086111901
Mean IoU : 	 0.6356679391371061
WARN get_lr: optimizer has more than one param group
WARN get_lr: optimizer has more than one param group
WARN get_lr: optimizer has more than one param group
WARN get_lr: optimizer has more than one param group
WARN get_lr: optimizer has more than one param group
Overall Acc: 	 0.9403703620059609
Mean Acc : 	 0.7331321775430147
FreqW Acc : 	 0.8933443255793024
Mean IoU : 	 0.6371163225401321
WARN get_lr: optimizer has more than one param group
WARN get_lr: optimizer has more than one param group
WARN get_lr: optimizer has more than one param group
WARN get_lr: optimizer has more than one param group
WARN get_lr: optimizer has more than one param group
Overall Acc: 	 0.9403978666467092
Mean Acc : 	 0.7372418314862824
FreqW Acc : 	 0.8933782334595475
Mean IoU : 	 0.6386752329409007
WARN get_lr: optimizer has more than one param group
WARN get_lr: optimizer has more than one param group
WARN get_lr: optimizer has more than one param group
WARN get_lr: optimizer has more than one param group
WARN get_lr: optimizer has more than one param group
Overall Acc: 	 0.9401058157840892
Mean Acc : 	 0.7336502314555681
FreqW Acc : 	 0.8927901487702872
Mean IoU : 	 0.6384406876540765
WARN get_lr: optimizer has more than one param group
WARN get_lr: optimizer has more than one param group
WARN get_lr: optimizer has more than one param group
WARN get_lr: optimizer has more than one param group
WARN get_lr: optimizer has more than one param group
Overall Acc: 	 0.9403242388391675
Mean Acc : 	 0.7328424919467006
FreqW Acc : 	 0.8929946035874105
Mean IoU : 	 0.6373651393094286
WARN get_lr: optimizer has more than one param group
WARN get_lr: optimizer has more than one param group
WARN get_lr: optimizer has more than one param group
WARN get_lr: optimizer has more than one param group
WARN get_lr: optimizer has more than one param group
Overall Acc: 	 0.940276902938016
Mean Acc : 	 0.7313827508078119
FreqW Acc : 	 0.8930117180372418
Mean IoU : 	 0.6355942450188081
WARN get_lr: optimizer has more than one param group
WARN get_lr: optimizer has more than one param group
WARN get_lr: optimizer has more than one param group
WARN get_lr: optimizer has more than one param group
WARN get_lr: optimizer has more than one param group
Overall Acc: 	 0.9406228332324968
Mean Acc : 	 0.7385173989163776
FreqW Acc : 	 0.8937767593852326
Mean IoU : 	 0.641309256118116
WARN get_lr: optimizer has more than one param group
WARN get_lr: optimizer has more than one param group
WARN get_lr: optimizer has more than one param group
WARN get_lr: optimizer has more than one param group
WARN get_lr: optimizer has more than one param group
Overall Acc: 	 0.940563391799533
Mean Acc : 	 0.73670189423951
FreqW Acc : 	 0.89345503458742
Mean IoU : 	 0.6395384154210764
WARN get_lr: optimizer has more than one param group
WARN get_lr: optimizer has more than one param group
WARN get_lr: optimizer has more than one param group
WARN get_lr: optimizer has more than one param group
WARN get_lr: optimizer has more than one param group
Overall Acc: 	 0.9401810009519398
Mean Acc : 	 0.7291183828924166
FreqW Acc : 	 0.8927057334836075
Mean IoU : 	 0.6350977148917508
WARN get_lr: optimizer has more than one param group
WARN get_lr: optimizer has more than one param group
WARN get_lr: optimizer has more than one param group
WARN get_lr: optimizer has more than one param group
WARN get_lr: optimizer has more than one param group
Overall Acc: 	 0.9397230584987762
Mean Acc : 	 0.7233998911946667
FreqW Acc : 	 0.8920816904465971
Mean IoU : 	 0.6324025274391756
WARN get_lr: optimizer has more than one param group
WARN get_lr: optimizer has more than one param group
WARN get_lr: optimizer has more than one param group
WARN get_lr: optimizer has more than one param group
WARN get_lr: optimizer has more than one param group
Overall Acc: 	 0.9406050173795522
Mean Acc : 	 0.7307616999728171
FreqW Acc : 	 0.8935643831652356
Mean IoU : 	 0.6383632578349185
WARN get_lr: optimizer has more than one param group
WARN get_lr: optimizer has more than one param group
WARN get_lr: optimizer has more than one param group
WARN get_lr: optimizer has more than one param group
WARN get_lr: optimizer has more than one param group
Overall Acc: 	 0.9403982156350137
Mean Acc : 	 0.7335354819173687
FreqW Acc : 	 0.8933242327204585
Mean IoU : 	 0.6365589956888362
WARN get_lr: optimizer has more than one param group
WARN get_lr: optimizer has more than one param group
WARN get_lr: optimizer has more than one param group
WARN get_lr: optimizer has more than one param group
WARN get_lr: optimizer has more than one param group
Overall Acc: 	 0.9404359063718996
Mean Acc : 	 0.7312216676861791
FreqW Acc : 	 0.8931080372998701
Mean IoU : 	 0.6365106159429507
WARN get_lr: optimizer has more than one param group
WARN get_lr: optimizer has more than one param group
WARN get_lr: optimizer has more than one param group
WARN get_lr: optimizer has more than one param group
WARN get_lr: optimizer has more than one param group
Overall Acc: 	 0.9403625097691096
Mean Acc : 	 0.7280591207509138
FreqW Acc : 	 0.8931989471714481
Mean IoU : 	 0.6355030569094305
Resolved base cfg vars {('model', 'variant'): 'ct_cos_10pct', ('training', 'cross_task_lambda'): 0.48, ('training', 'cross_task_type'): 'cosine', ('training', 'cross_task_detach_depth'): True}
Resolved vars {('config', 'general', 'tag'): 'cityscapes_pad_transfer_ct_cos_10pct_D372_S42', ('model', 'variant'): 'ct_cos_10pct', ('training', 'cross_task_lambda'): 0.48, ('training', 'cross_task_type'): 'cosine', ('training', 'cross_task_detach_depth'): True}

==========================================
Done!  End: Tue Mar  3 11:56:00 PM UTC 2026
==========================================
