==========================================
exp 216: mse λ=0.75  (2.5% contribution)
==========================================
Run ID  : 2
Config  : configs/cityscapes_joint.yml
Time    : 24h
==========================================
Host    : nid011116
Job ID  : 2561051
Start   : Tue Mar  3 08:05:25 PM UTC 2026
GPU     : 0

Start experiment cityscapes_joint_216
Run ID: cityscapes_joint_216_2026-03-03_20-05-51
Resolved base cfg vars {('model', 'variant'): 'ct_baseline_0pct', ('training', 'cross_task_lambda'): 0.0, ('training', 'cross_task_type'): 'mse', ('training', 'cross_task_detach_depth'): False}
Resolved vars {('config', 'general', 'tag'): 'cityscapes_pad_transfer_ct_baseline_0pct_D372_S42', ('model', 'variant'): 'ct_baseline_0pct', ('training', 'cross_task_lambda'): 0.0, ('training', 'cross_task_type'): 'mse', ('training', 'cross_task_detach_depth'): False}
Resolved base cfg vars {('model', 'variant'): 'ct_mse_1pct', ('training', 'cross_task_lambda'): 0.3, ('training', 'cross_task_type'): 'mse', ('training', 'cross_task_detach_depth'): True}
Resolved vars {('config', 'general', 'tag'): 'cityscapes_pad_transfer_ct_mse_1pct_D372_S42', ('model', 'variant'): 'ct_mse_1pct', ('training', 'cross_task_lambda'): 0.3, ('training', 'cross_task_type'): 'mse', ('training', 'cross_task_detach_depth'): True}
Resolved base cfg vars {('model', 'variant'): 'ct_mse_2p5pct', ('training', 'cross_task_lambda'): 0.75, ('training', 'cross_task_type'): 'mse', ('training', 'cross_task_detach_depth'): True}
Resolved vars {('config', 'general', 'tag'): 'cityscapes_pad_transfer_ct_mse_2p5pct_D372_S42', ('model', 'variant'): 'ct_mse_2p5pct', ('training', 'cross_task_lambda'): 0.75, ('training', 'cross_task_type'): 'mse', ('training', 'cross_task_detach_depth'): True}
Dispatch job 2_tag=cityscapes_pad_transfer_ct_mse_2p5pct_D372_S42
Start 2026-03-03_20-05-512_tag=cityscapes_pad_transfer_ct_mse_2p5pct_D372_S42
RUNDIR: /scratch/u5hv/shijie.u5hv/sde_seg/logs//cityscapes_joint_216/2026-03-03_20-05-512_tag=cityscapes_pad_transfer_ct_mse_2p5pct_D372_S42
Restrict subset from 2975 to 372 images ...
Use image subset [np.int64(0), np.int64(30), np.int64(32), np.int64(44), np.int64(45), np.int64(51), np.int64(52), np.int64(56), np.int64(63), np.int64(67), np.int64(70), np.int64(73), np.int64(80), np.int64(88), np.int64(93), np.int64(102), np.int64(108), np.int64(120), np.int64(124), np.int64(141), np.int64(144), np.int64(162), np.int64(174), np.int64(175), np.int64(177), np.int64(178), np.int64(184), np.int64(192), np.int64(194), np.int64(196), np.int64(203), np.int64(211), np.int64(233), np.int64(239), np.int64(246), np.int64(251), np.int64(256), np.int64(289), np.int64(296), np.int64(298), np.int64(309), np.int64(313), np.int64(318), np.int64(321), np.int64(322), np.int64(324), np.int64(331), np.int64(332), np.int64(354), np.int64(368), np.int64(387), np.int64(393), np.int64(402), np.int64(410), np.int64(411), np.int64(414), np.int64(420), np.int64(432), np.int64(439), np.int64(457), np.int64(463), np.int64(471), np.int64(478), np.int64(479), np.int64(485), np.int64(486), np.int64(495), np.int64(506), np.int64(507), np.int64(527), np.int64(528), np.int64(532), np.int64(533), np.int64(535), np.int64(543), np.int64(555), np.int64(557), np.int64(567), np.int64(572), np.int64(594), np.int64(599), np.int64(601), np.int64(602), np.int64(612), np.int64(637), np.int64(642), np.int64(644), np.int64(651), np.int64(676), np.int64(680), np.int64(685), np.int64(691), np.int64(693), np.int64(700), np.int64(705), np.int64(718), np.int64(727), np.int64(729), np.int64(741), np.int64(744), np.int64(748), np.int64(755), np.int64(759), np.int64(772), np.int64(783), np.int64(790), np.int64(798), np.int64(809), np.int64(811), np.int64(834), np.int64(857), np.int64(859), np.int64(862), np.int64(869), np.int64(879), np.int64(889), np.int64(912), np.int64(926), np.int64(929), np.int64(930), np.int64(942), np.int64(944), np.int64(952), np.int64(962), np.int64(965), np.int64(969), np.int64(999), np.int64(1001), np.int64(1005), np.int64(1018), np.int64(1023), np.int64(1025), np.int64(1027), np.int64(1047), np.int64(1048), np.int64(1055), np.int64(1071), np.int64(1089), np.int64(1090), np.int64(1091), np.int64(1097), np.int64(1106), np.int64(1149), np.int64(1151), np.int64(1159), np.int64(1173), np.int64(1177), np.int64(1188), np.int64(1196), np.int64(1208), np.int64(1210), np.int64(1222), np.int64(1225), np.int64(1229), np.int64(1230), np.int64(1235), np.int64(1255), np.int64(1263), np.int64(1264), np.int64(1268), np.int64(1269), np.int64(1270), np.int64(1272), np.int64(1286), np.int64(1313), np.int64(1321), np.int64(1322), np.int64(1326), np.int64(1330), np.int64(1337), np.int64(1340), np.int64(1343), np.int64(1370), np.int64(1376), np.int64(1385), np.int64(1399), np.int64(1402), np.int64(1407), np.int64(1410), np.int64(1421), np.int64(1422), np.int64(1426), np.int64(1427), np.int64(1431), np.int64(1432), np.int64(1436), np.int64(1453), np.int64(1461), np.int64(1474), np.int64(1487), np.int64(1488), np.int64(1494), np.int64(1505), np.int64(1507), np.int64(1509), np.int64(1517), np.int64(1518), np.int64(1538), np.int64(1544), np.int64(1554), np.int64(1562), np.int64(1567), np.int64(1575), np.int64(1586), np.int64(1590), np.int64(1596), np.int64(1598), np.int64(1608), np.int64(1610), np.int64(1613), np.int64(1618), np.int64(1620), np.int64(1624), np.int64(1641), np.int64(1655), np.int64(1656), np.int64(1662), np.int64(1690), np.int64(1691), np.int64(1697), np.int64(1702), np.int64(1706), np.int64(1711), np.int64(1716), np.int64(1718), np.int64(1727), np.int64(1731), np.int64(1747), np.int64(1760), np.int64(1762), np.int64(1767), np.int64(1771), np.int64(1775), np.int64(1777), np.int64(1788), np.int64(1795), np.int64(1797), np.int64(1805), np.int64(1807), np.int64(1814), np.int64(1840), np.int64(1850), np.int64(1869), np.int64(1872), np.int64(1877), np.int64(1880), np.int64(1882), np.int64(1891), np.int64(1896), np.int64(1916), np.int64(1922), np.int64(1936), np.int64(1940), np.int64(1941), np.int64(1949), np.int64(1956), np.int64(1957), np.int64(1963), np.int64(1966), np.int64(1979), np.int64(1983), np.int64(1993), np.int64(1999), np.int64(2001), np.int64(2003), np.int64(2013), np.int64(2015), np.int64(2023), np.int64(2033), np.int64(2046), np.int64(2051), np.int64(2064), np.int64(2073), np.int64(2092), np.int64(2113), np.int64(2114), np.int64(2119), np.int64(2124), np.int64(2131), np.int64(2144), np.int64(2149), np.int64(2154), np.int64(2159), np.int64(2185), np.int64(2186), np.int64(2204), np.int64(2215), np.int64(2227), np.int64(2233), np.int64(2241), np.int64(2247), np.int64(2257), np.int64(2261), np.int64(2263), np.int64(2270), np.int64(2287), np.int64(2315), np.int64(2321), np.int64(2332), np.int64(2335), np.int64(2349), np.int64(2356), np.int64(2383), np.int64(2392), np.int64(2395), np.int64(2397), np.int64(2401), np.int64(2403), np.int64(2404), np.int64(2420), np.int64(2424), np.int64(2436), np.int64(2459), np.int64(2462), np.int64(2466), np.int64(2469), np.int64(2478), np.int64(2480), np.int64(2482), np.int64(2496), np.int64(2501), np.int64(2517), np.int64(2519), np.int64(2528), np.int64(2534), np.int64(2539), np.int64(2546), np.int64(2573), np.int64(2578), np.int64(2586), np.int64(2595), np.int64(2608), np.int64(2622), np.int64(2626), np.int64(2632), np.int64(2636), np.int64(2644), np.int64(2645), np.int64(2646), np.int64(2654), np.int64(2655), np.int64(2658), np.int64(2683), np.int64(2686), np.int64(2733), np.int64(2753), np.int64(2754), np.int64(2756), np.int64(2766), np.int64(2769), np.int64(2787), np.int64(2792), np.int64(2798), np.int64(2810), np.int64(2811), np.int64(2815), np.int64(2822), np.int64(2823), np.int64(2838), np.int64(2848), np.int64(2864), np.int64(2865), np.int64(2872), np.int64(2897), np.int64(2898), np.int64(2910), np.int64(2931), np.int64(2932), np.int64(2936), np.int64(2947), np.int64(2956), np.int64(2958)] with class frequencies:
Keep 372 images
Found 372 train images
Restrict subset from 2975 to 372 images ...
Use image subset [np.int64(0), np.int64(30), np.int64(32), np.int64(44), np.int64(45), np.int64(51), np.int64(52), np.int64(56), np.int64(63), np.int64(67), np.int64(70), np.int64(73), np.int64(80), np.int64(88), np.int64(93), np.int64(102), np.int64(108), np.int64(120), np.int64(124), np.int64(141), np.int64(144), np.int64(162), np.int64(174), np.int64(175), np.int64(177), np.int64(178), np.int64(184), np.int64(192), np.int64(194), np.int64(196), np.int64(203), np.int64(211), np.int64(233), np.int64(239), np.int64(246), np.int64(251), np.int64(256), np.int64(289), np.int64(296), np.int64(298), np.int64(309), np.int64(313), np.int64(318), np.int64(321), np.int64(322), np.int64(324), np.int64(331), np.int64(332), np.int64(354), np.int64(368), np.int64(387), np.int64(393), np.int64(402), np.int64(410), np.int64(411), np.int64(414), np.int64(420), np.int64(432), np.int64(439), np.int64(457), np.int64(463), np.int64(471), np.int64(478), np.int64(479), np.int64(485), np.int64(486), np.int64(495), np.int64(506), np.int64(507), np.int64(527), np.int64(528), np.int64(532), np.int64(533), np.int64(535), np.int64(543), np.int64(555), np.int64(557), np.int64(567), np.int64(572), np.int64(594), np.int64(599), np.int64(601), np.int64(602), np.int64(612), np.int64(637), np.int64(642), np.int64(644), np.int64(651), np.int64(676), np.int64(680), np.int64(685), np.int64(691), np.int64(693), np.int64(700), np.int64(705), np.int64(718), np.int64(727), np.int64(729), np.int64(741), np.int64(744), np.int64(748), np.int64(755), np.int64(759), np.int64(772), np.int64(783), np.int64(790), np.int64(798), np.int64(809), np.int64(811), np.int64(834), np.int64(857), np.int64(859), np.int64(862), np.int64(869), np.int64(879), np.int64(889), np.int64(912), np.int64(926), np.int64(929), np.int64(930), np.int64(942), np.int64(944), np.int64(952), np.int64(962), np.int64(965), np.int64(969), np.int64(999), np.int64(1001), np.int64(1005), np.int64(1018), np.int64(1023), np.int64(1025), np.int64(1027), np.int64(1047), np.int64(1048), np.int64(1055), np.int64(1071), np.int64(1089), np.int64(1090), np.int64(1091), np.int64(1097), np.int64(1106), np.int64(1149), np.int64(1151), np.int64(1159), np.int64(1173), np.int64(1177), np.int64(1188), np.int64(1196), np.int64(1208), np.int64(1210), np.int64(1222), np.int64(1225), np.int64(1229), np.int64(1230), np.int64(1235), np.int64(1255), np.int64(1263), np.int64(1264), np.int64(1268), np.int64(1269), np.int64(1270), np.int64(1272), np.int64(1286), np.int64(1313), np.int64(1321), np.int64(1322), np.int64(1326), np.int64(1330), np.int64(1337), np.int64(1340), np.int64(1343), np.int64(1370), np.int64(1376), np.int64(1385), np.int64(1399), np.int64(1402), np.int64(1407), np.int64(1410), np.int64(1421), np.int64(1422), np.int64(1426), np.int64(1427), np.int64(1431), np.int64(1432), np.int64(1436), np.int64(1453), np.int64(1461), np.int64(1474), np.int64(1487), np.int64(1488), np.int64(1494), np.int64(1505), np.int64(1507), np.int64(1509), np.int64(1517), np.int64(1518), np.int64(1538), np.int64(1544), np.int64(1554), np.int64(1562), np.int64(1567), np.int64(1575), np.int64(1586), np.int64(1590), np.int64(1596), np.int64(1598), np.int64(1608), np.int64(1610), np.int64(1613), np.int64(1618), np.int64(1620), np.int64(1624), np.int64(1641), np.int64(1655), np.int64(1656), np.int64(1662), np.int64(1690), np.int64(1691), np.int64(1697), np.int64(1702), np.int64(1706), np.int64(1711), np.int64(1716), np.int64(1718), np.int64(1727), np.int64(1731), np.int64(1747), np.int64(1760), np.int64(1762), np.int64(1767), np.int64(1771), np.int64(1775), np.int64(1777), np.int64(1788), np.int64(1795), np.int64(1797), np.int64(1805), np.int64(1807), np.int64(1814), np.int64(1840), np.int64(1850), np.int64(1869), np.int64(1872), np.int64(1877), np.int64(1880), np.int64(1882), np.int64(1891), np.int64(1896), np.int64(1916), np.int64(1922), np.int64(1936), np.int64(1940), np.int64(1941), np.int64(1949), np.int64(1956), np.int64(1957), np.int64(1963), np.int64(1966), np.int64(1979), np.int64(1983), np.int64(1993), np.int64(1999), np.int64(2001), np.int64(2003), np.int64(2013), np.int64(2015), np.int64(2023), np.int64(2033), np.int64(2046), np.int64(2051), np.int64(2064), np.int64(2073), np.int64(2092), np.int64(2113), np.int64(2114), np.int64(2119), np.int64(2124), np.int64(2131), np.int64(2144), np.int64(2149), np.int64(2154), np.int64(2159), np.int64(2185), np.int64(2186), np.int64(2204), np.int64(2215), np.int64(2227), np.int64(2233), np.int64(2241), np.int64(2247), np.int64(2257), np.int64(2261), np.int64(2263), np.int64(2270), np.int64(2287), np.int64(2315), np.int64(2321), np.int64(2332), np.int64(2335), np.int64(2349), np.int64(2356), np.int64(2383), np.int64(2392), np.int64(2395), np.int64(2397), np.int64(2401), np.int64(2403), np.int64(2404), np.int64(2420), np.int64(2424), np.int64(2436), np.int64(2459), np.int64(2462), np.int64(2466), np.int64(2469), np.int64(2478), np.int64(2480), np.int64(2482), np.int64(2496), np.int64(2501), np.int64(2517), np.int64(2519), np.int64(2528), np.int64(2534), np.int64(2539), np.int64(2546), np.int64(2573), np.int64(2578), np.int64(2586), np.int64(2595), np.int64(2608), np.int64(2622), np.int64(2626), np.int64(2632), np.int64(2636), np.int64(2644), np.int64(2645), np.int64(2646), np.int64(2654), np.int64(2655), np.int64(2658), np.int64(2683), np.int64(2686), np.int64(2733), np.int64(2753), np.int64(2754), np.int64(2756), np.int64(2766), np.int64(2769), np.int64(2787), np.int64(2792), np.int64(2798), np.int64(2810), np.int64(2811), np.int64(2815), np.int64(2822), np.int64(2823), np.int64(2838), np.int64(2848), np.int64(2864), np.int64(2865), np.int64(2872), np.int64(2897), np.int64(2898), np.int64(2910), np.int64(2931), np.int64(2932), np.int64(2936), np.int64(2947), np.int64(2956), np.int64(2958)] with class frequencies:
Keep 2975 images
Found 2975 train images
Found 500 val images
Load mono_cityscapes_1024x512_r101dil_aspp_dec6_lr5_fd2_crop512x512bs4 weights
Load mono_cityscapes_1024x512_r101dil_aspp_dec6_lr5_fd2_crop512x512bs4depth weights
Load mono_cityscapes_1024x512_r101dil_aspp_dec6_lr5_fd2_crop512x512bs4depth weights
Create segmentation ema model.
Load mono_cityscapes_1024x512_r101dil_aspp_dec6_lr5_fd2_crop512x512bs4 weights
Load mono_cityscapes_1024x512_r101dil_aspp_dec6_lr5_fd2_crop512x512bs4depth weights
Load mono_cityscapes_1024x512_r101dil_aspp_dec6_lr5_fd2_crop512x512bs4depth weights
PAD run first half of decoder ([4, 3, 2]).
bottleneck shape torch.Size([2, 2048, 32, 32])
upconv4-0 shape: torch.Size([2, 256, 32, 32])
concatenated features shape: torch.Size([2, 1280, 32, 32])
upconv4-1 shape: torch.Size([2, 256, 32, 32])
upconv3-0 shape: torch.Size([2, 256, 32, 32])
concatenated features shape: torch.Size([2, 768, 64, 64])
upconv3-1 shape: torch.Size([2, 256, 64, 64])
disp3 shape: torch.Size([2, 1, 64, 64]), expected [64 64]
upconv2-0 shape: torch.Size([2, 128, 64, 64])
concatenated features shape: torch.Size([2, 384, 128, 128])
upconv2-1 shape: torch.Size([2, 128, 128, 128])
disp2 shape: torch.Size([2, 1, 128, 128]), expected [128 128]
bottleneck shape torch.Size([2, 2048, 32, 32])
upconv4-0 shape: torch.Size([2, 256, 32, 32])
concatenated features shape: torch.Size([2, 1280, 32, 32])
upconv4-1 shape: torch.Size([2, 256, 32, 32])
upconv3-0 shape: torch.Size([2, 256, 32, 32])
concatenated features shape: torch.Size([2, 768, 64, 64])
upconv3-1 shape: torch.Size([2, 256, 64, 64])
upconv2-0 shape: torch.Size([2, 128, 64, 64])
concatenated features shape: torch.Size([2, 384, 128, 128])
upconv2-1 shape: torch.Size([2, 128, 128, 128])
PAD self attention for ('upconv', 2) with shape torch.Size([2, 128, 128, 128]).
PAD run second half of decoder ([1, 0]).
bottleneck shape torch.Size([2, 128, 128, 128])
upconv1-0 shape: torch.Size([2, 128, 128, 128])
concatenated features shape: torch.Size([2, 192, 256, 256])
upconv1-1 shape: torch.Size([2, 128, 256, 256])
disp1 shape: torch.Size([2, 1, 256, 256]), expected [256 256]
upconv0-0 shape: torch.Size([2, 64, 256, 256])
concatenated features shape: torch.Size([2, 64, 512, 512])
upconv0-1 shape: torch.Size([2, 64, 512, 512])
disp0 shape: torch.Size([2, 1, 512, 512]), expected [512 512]
WARN get_lr: optimizer has more than one param group
Overall Acc: 	 0.7881634099172609
Mean Acc : 	 0.27000582456463074
FreqW Acc : 	 0.6694358677379247
Mean IoU : 	 0.20891636950555392
WARN get_lr: optimizer has more than one param group
WARN get_lr: optimizer has more than one param group
WARN get_lr: optimizer has more than one param group
WARN get_lr: optimizer has more than one param group
WARN get_lr: optimizer has more than one param group
WARN get_lr: optimizer has more than one param group
WARN get_lr: optimizer has more than one param group
WARN get_lr: optimizer has more than one param group
WARN get_lr: optimizer has more than one param group
WARN get_lr: optimizer has more than one param group
WARN get_lr: optimizer has more than one param group
WARN get_lr: optimizer has more than one param group
WARN get_lr: optimizer has more than one param group
WARN get_lr: optimizer has more than one param group
WARN get_lr: optimizer has more than one param group
WARN get_lr: optimizer has more than one param group
WARN get_lr: optimizer has more than one param group
WARN get_lr: optimizer has more than one param group
WARN get_lr: optimizer has more than one param group
WARN get_lr: optimizer has more than one param group
WARN get_lr: optimizer has more than one param group
WARN get_lr: optimizer has more than one param group
WARN get_lr: optimizer has more than one param group
WARN get_lr: optimizer has more than one param group
Overall Acc: 	 0.9151676699258844
Mean Acc : 	 0.525943782242219
FreqW Acc : 	 0.8521017574451107
Mean IoU : 	 0.44052938761587324
WARN get_lr: optimizer has more than one param group
WARN get_lr: optimizer has more than one param group
WARN get_lr: optimizer has more than one param group
WARN get_lr: optimizer has more than one param group
WARN get_lr: optimizer has more than one param group
WARN get_lr: optimizer has more than one param group
WARN get_lr: optimizer has more than one param group
WARN get_lr: optimizer has more than one param group
WARN get_lr: optimizer has more than one param group
WARN get_lr: optimizer has more than one param group
WARN get_lr: optimizer has more than one param group
WARN get_lr: optimizer has more than one param group
WARN get_lr: optimizer has more than one param group
WARN get_lr: optimizer has more than one param group
WARN get_lr: optimizer has more than one param group
WARN get_lr: optimizer has more than one param group
WARN get_lr: optimizer has more than one param group
WARN get_lr: optimizer has more than one param group
WARN get_lr: optimizer has more than one param group
WARN get_lr: optimizer has more than one param group
WARN get_lr: optimizer has more than one param group
WARN get_lr: optimizer has more than one param group
WARN get_lr: optimizer has more than one param group
WARN get_lr: optimizer has more than one param group
WARN get_lr: optimizer has more than one param group
Overall Acc: 	 0.9269567871295626
Mean Acc : 	 0.6162214002087208
FreqW Acc : 	 0.8709832820717152
Mean IoU : 	 0.5269721725097901
WARN get_lr: optimizer has more than one param group
WARN get_lr: optimizer has more than one param group
WARN get_lr: optimizer has more than one param group
WARN get_lr: optimizer has more than one param group
WARN get_lr: optimizer has more than one param group
WARN get_lr: optimizer has more than one param group
WARN get_lr: optimizer has more than one param group
WARN get_lr: optimizer has more than one param group
WARN get_lr: optimizer has more than one param group
WARN get_lr: optimizer has more than one param group
WARN get_lr: optimizer has more than one param group
WARN get_lr: optimizer has more than one param group
WARN get_lr: optimizer has more than one param group
WARN get_lr: optimizer has more than one param group
WARN get_lr: optimizer has more than one param group
WARN get_lr: optimizer has more than one param group
WARN get_lr: optimizer has more than one param group
WARN get_lr: optimizer has more than one param group
WARN get_lr: optimizer has more than one param group
WARN get_lr: optimizer has more than one param group
WARN get_lr: optimizer has more than one param group
WARN get_lr: optimizer has more than one param group
WARN get_lr: optimizer has more than one param group
WARN get_lr: optimizer has more than one param group
WARN get_lr: optimizer has more than one param group
Overall Acc: 	 0.9293859812959805
Mean Acc : 	 0.6601589421482158
FreqW Acc : 	 0.8763944861101238
Mean IoU : 	 0.5616762458303628
WARN get_lr: optimizer has more than one param group
WARN get_lr: optimizer has more than one param group
WARN get_lr: optimizer has more than one param group
WARN get_lr: optimizer has more than one param group
WARN get_lr: optimizer has more than one param group
WARN get_lr: optimizer has more than one param group
WARN get_lr: optimizer has more than one param group
WARN get_lr: optimizer has more than one param group
WARN get_lr: optimizer has more than one param group
WARN get_lr: optimizer has more than one param group
WARN get_lr: optimizer has more than one param group
WARN get_lr: optimizer has more than one param group
WARN get_lr: optimizer has more than one param group
WARN get_lr: optimizer has more than one param group
WARN get_lr: optimizer has more than one param group
WARN get_lr: optimizer has more than one param group
WARN get_lr: optimizer has more than one param group
WARN get_lr: optimizer has more than one param group
WARN get_lr: optimizer has more than one param group
WARN get_lr: optimizer has more than one param group
WARN get_lr: optimizer has more than one param group
WARN get_lr: optimizer has more than one param group
WARN get_lr: optimizer has more than one param group
WARN get_lr: optimizer has more than one param group
WARN get_lr: optimizer has more than one param group
Overall Acc: 	 0.9283959974479009
Mean Acc : 	 0.6875618669071153
FreqW Acc : 	 0.8768157267520006
Mean IoU : 	 0.5673845456026866
WARN get_lr: optimizer has more than one param group
WARN get_lr: optimizer has more than one param group
WARN get_lr: optimizer has more than one param group
WARN get_lr: optimizer has more than one param group
WARN get_lr: optimizer has more than one param group
WARN get_lr: optimizer has more than one param group
WARN get_lr: optimizer has more than one param group
WARN get_lr: optimizer has more than one param group
WARN get_lr: optimizer has more than one param group
WARN get_lr: optimizer has more than one param group
WARN get_lr: optimizer has more than one param group
WARN get_lr: optimizer has more than one param group
WARN get_lr: optimizer has more than one param group
WARN get_lr: optimizer has more than one param group
WARN get_lr: optimizer has more than one param group
WARN get_lr: optimizer has more than one param group
WARN get_lr: optimizer has more than one param group
WARN get_lr: optimizer has more than one param group
WARN get_lr: optimizer has more than one param group
WARN get_lr: optimizer has more than one param group
WARN get_lr: optimizer has more than one param group
WARN get_lr: optimizer has more than one param group
WARN get_lr: optimizer has more than one param group
WARN get_lr: optimizer has more than one param group
WARN get_lr: optimizer has more than one param group
Overall Acc: 	 0.932925904901481
Mean Acc : 	 0.6985425008837823
FreqW Acc : 	 0.8816922544735433
Mean IoU : 	 0.5918243443423838
WARN get_lr: optimizer has more than one param group
WARN get_lr: optimizer has more than one param group
WARN get_lr: optimizer has more than one param group
WARN get_lr: optimizer has more than one param group
WARN get_lr: optimizer has more than one param group
WARN get_lr: optimizer has more than one param group
WARN get_lr: optimizer has more than one param group
WARN get_lr: optimizer has more than one param group
WARN get_lr: optimizer has more than one param group
WARN get_lr: optimizer has more than one param group
WARN get_lr: optimizer has more than one param group
WARN get_lr: optimizer has more than one param group
WARN get_lr: optimizer has more than one param group
WARN get_lr: optimizer has more than one param group
WARN get_lr: optimizer has more than one param group
WARN get_lr: optimizer has more than one param group
WARN get_lr: optimizer has more than one param group
WARN get_lr: optimizer has more than one param group
WARN get_lr: optimizer has more than one param group
WARN get_lr: optimizer has more than one param group
WARN get_lr: optimizer has more than one param group
WARN get_lr: optimizer has more than one param group
WARN get_lr: optimizer has more than one param group
WARN get_lr: optimizer has more than one param group
WARN get_lr: optimizer has more than one param group
Overall Acc: 	 0.9355572679926951
Mean Acc : 	 0.7096323816226113
FreqW Acc : 	 0.885902794386429
Mean IoU : 	 0.60304837878954
WARN get_lr: optimizer has more than one param group
WARN get_lr: optimizer has more than one param group
WARN get_lr: optimizer has more than one param group
WARN get_lr: optimizer has more than one param group
WARN get_lr: optimizer has more than one param group
WARN get_lr: optimizer has more than one param group
WARN get_lr: optimizer has more than one param group
WARN get_lr: optimizer has more than one param group
WARN get_lr: optimizer has more than one param group
WARN get_lr: optimizer has more than one param group
WARN get_lr: optimizer has more than one param group
WARN get_lr: optimizer has more than one param group
WARN get_lr: optimizer has more than one param group
WARN get_lr: optimizer has more than one param group
WARN get_lr: optimizer has more than one param group
WARN get_lr: optimizer has more than one param group
WARN get_lr: optimizer has more than one param group
WARN get_lr: optimizer has more than one param group
WARN get_lr: optimizer has more than one param group
WARN get_lr: optimizer has more than one param group
WARN get_lr: optimizer has more than one param group
WARN get_lr: optimizer has more than one param group
WARN get_lr: optimizer has more than one param group
WARN get_lr: optimizer has more than one param group
WARN get_lr: optimizer has more than one param group
Overall Acc: 	 0.9339585482074318
Mean Acc : 	 0.7010561485942766
FreqW Acc : 	 0.883184515469776
Mean IoU : 	 0.5970436459468978
WARN get_lr: optimizer has more than one param group
WARN get_lr: optimizer has more than one param group
WARN get_lr: optimizer has more than one param group
WARN get_lr: optimizer has more than one param group
WARN get_lr: optimizer has more than one param group
WARN get_lr: optimizer has more than one param group
WARN get_lr: optimizer has more than one param group
WARN get_lr: optimizer has more than one param group
WARN get_lr: optimizer has more than one param group
WARN get_lr: optimizer has more than one param group
WARN get_lr: optimizer has more than one param group
WARN get_lr: optimizer has more than one param group
WARN get_lr: optimizer has more than one param group
WARN get_lr: optimizer has more than one param group
WARN get_lr: optimizer has more than one param group
WARN get_lr: optimizer has more than one param group
WARN get_lr: optimizer has more than one param group
WARN get_lr: optimizer has more than one param group
WARN get_lr: optimizer has more than one param group
WARN get_lr: optimizer has more than one param group
WARN get_lr: optimizer has more than one param group
WARN get_lr: optimizer has more than one param group
WARN get_lr: optimizer has more than one param group
WARN get_lr: optimizer has more than one param group
WARN get_lr: optimizer has more than one param group
Overall Acc: 	 0.9313623849490802
Mean Acc : 	 0.6991245198076276
FreqW Acc : 	 0.8797658987814205
Mean IoU : 	 0.5932804301542752
WARN get_lr: optimizer has more than one param group
WARN get_lr: optimizer has more than one param group
WARN get_lr: optimizer has more than one param group
WARN get_lr: optimizer has more than one param group
WARN get_lr: optimizer has more than one param group
WARN get_lr: optimizer has more than one param group
WARN get_lr: optimizer has more than one param group
WARN get_lr: optimizer has more than one param group
WARN get_lr: optimizer has more than one param group
WARN get_lr: optimizer has more than one param group
WARN get_lr: optimizer has more than one param group
WARN get_lr: optimizer has more than one param group
WARN get_lr: optimizer has more than one param group
WARN get_lr: optimizer has more than one param group
WARN get_lr: optimizer has more than one param group
WARN get_lr: optimizer has more than one param group
WARN get_lr: optimizer has more than one param group
WARN get_lr: optimizer has more than one param group
WARN get_lr: optimizer has more than one param group
WARN get_lr: optimizer has more than one param group
WARN get_lr: optimizer has more than one param group
WARN get_lr: optimizer has more than one param group
WARN get_lr: optimizer has more than one param group
WARN get_lr: optimizer has more than one param group
WARN get_lr: optimizer has more than one param group
Overall Acc: 	 0.9359257865551845
Mean Acc : 	 0.708155280315796
FreqW Acc : 	 0.8856691364575178
Mean IoU : 	 0.615362569118467
WARN get_lr: optimizer has more than one param group
WARN get_lr: optimizer has more than one param group
WARN get_lr: optimizer has more than one param group
WARN get_lr: optimizer has more than one param group
WARN get_lr: optimizer has more than one param group
WARN get_lr: optimizer has more than one param group
WARN get_lr: optimizer has more than one param group
WARN get_lr: optimizer has more than one param group
WARN get_lr: optimizer has more than one param group
WARN get_lr: optimizer has more than one param group
WARN get_lr: optimizer has more than one param group
WARN get_lr: optimizer has more than one param group
WARN get_lr: optimizer has more than one param group
WARN get_lr: optimizer has more than one param group
WARN get_lr: optimizer has more than one param group
WARN get_lr: optimizer has more than one param group
WARN get_lr: optimizer has more than one param group
WARN get_lr: optimizer has more than one param group
WARN get_lr: optimizer has more than one param group
WARN get_lr: optimizer has more than one param group
WARN get_lr: optimizer has more than one param group
WARN get_lr: optimizer has more than one param group
WARN get_lr: optimizer has more than one param group
WARN get_lr: optimizer has more than one param group
WARN get_lr: optimizer has more than one param group
Overall Acc: 	 0.9362999587282069
Mean Acc : 	 0.7039258242184211
FreqW Acc : 	 0.8858587147227228
Mean IoU : 	 0.6100008795449012
WARN get_lr: optimizer has more than one param group
WARN get_lr: optimizer has more than one param group
WARN get_lr: optimizer has more than one param group
WARN get_lr: optimizer has more than one param group
WARN get_lr: optimizer has more than one param group
WARN get_lr: optimizer has more than one param group
WARN get_lr: optimizer has more than one param group
WARN get_lr: optimizer has more than one param group
WARN get_lr: optimizer has more than one param group
WARN get_lr: optimizer has more than one param group
WARN get_lr: optimizer has more than one param group
WARN get_lr: optimizer has more than one param group
WARN get_lr: optimizer has more than one param group
WARN get_lr: optimizer has more than one param group
WARN get_lr: optimizer has more than one param group
WARN get_lr: optimizer has more than one param group
WARN get_lr: optimizer has more than one param group
WARN get_lr: optimizer has more than one param group
WARN get_lr: optimizer has more than one param group
WARN get_lr: optimizer has more than one param group
WARN get_lr: optimizer has more than one param group
WARN get_lr: optimizer has more than one param group
WARN get_lr: optimizer has more than one param group
WARN get_lr: optimizer has more than one param group
WARN get_lr: optimizer has more than one param group
Overall Acc: 	 0.9355955171108682
Mean Acc : 	 0.7295563454237941
FreqW Acc : 	 0.8849780062564454
Mean IoU : 	 0.6206307605098101
WARN get_lr: optimizer has more than one param group
WARN get_lr: optimizer has more than one param group
WARN get_lr: optimizer has more than one param group
WARN get_lr: optimizer has more than one param group
WARN get_lr: optimizer has more than one param group
WARN get_lr: optimizer has more than one param group
WARN get_lr: optimizer has more than one param group
WARN get_lr: optimizer has more than one param group
WARN get_lr: optimizer has more than one param group
WARN get_lr: optimizer has more than one param group
WARN get_lr: optimizer has more than one param group
WARN get_lr: optimizer has more than one param group
WARN get_lr: optimizer has more than one param group
WARN get_lr: optimizer has more than one param group
WARN get_lr: optimizer has more than one param group
WARN get_lr: optimizer has more than one param group
WARN get_lr: optimizer has more than one param group
WARN get_lr: optimizer has more than one param group
WARN get_lr: optimizer has more than one param group
WARN get_lr: optimizer has more than one param group
WARN get_lr: optimizer has more than one param group
WARN get_lr: optimizer has more than one param group
WARN get_lr: optimizer has more than one param group
WARN get_lr: optimizer has more than one param group
WARN get_lr: optimizer has more than one param group
Overall Acc: 	 0.9368806011068783
Mean Acc : 	 0.705412053854631
FreqW Acc : 	 0.8866878883477088
Mean IoU : 	 0.613562182071106
WARN get_lr: optimizer has more than one param group
WARN get_lr: optimizer has more than one param group
WARN get_lr: optimizer has more than one param group
WARN get_lr: optimizer has more than one param group
WARN get_lr: optimizer has more than one param group
Overall Acc: 	 0.9390773690625001
Mean Acc : 	 0.7319624327140931
FreqW Acc : 	 0.8909743919493748
Mean IoU : 	 0.6324434086660026
WARN get_lr: optimizer has more than one param group
WARN get_lr: optimizer has more than one param group
WARN get_lr: optimizer has more than one param group
WARN get_lr: optimizer has more than one param group
WARN get_lr: optimizer has more than one param group
Overall Acc: 	 0.9387944049828585
Mean Acc : 	 0.7286407957881227
FreqW Acc : 	 0.8904807801659083
Mean IoU : 	 0.6283663698608936
WARN get_lr: optimizer has more than one param group
WARN get_lr: optimizer has more than one param group
WARN get_lr: optimizer has more than one param group
WARN get_lr: optimizer has more than one param group
WARN get_lr: optimizer has more than one param group
Overall Acc: 	 0.9393486245845256
Mean Acc : 	 0.7400697350857888
FreqW Acc : 	 0.8917189630818207
Mean IoU : 	 0.6334153772680845
WARN get_lr: optimizer has more than one param group
WARN get_lr: optimizer has more than one param group
WARN get_lr: optimizer has more than one param group
WARN get_lr: optimizer has more than one param group
WARN get_lr: optimizer has more than one param group
Overall Acc: 	 0.9395977062621541
Mean Acc : 	 0.7340336500951022
FreqW Acc : 	 0.8917985161410122
Mean IoU : 	 0.6333054656839846
WARN get_lr: optimizer has more than one param group
WARN get_lr: optimizer has more than one param group
WARN get_lr: optimizer has more than one param group
WARN get_lr: optimizer has more than one param group
WARN get_lr: optimizer has more than one param group
Overall Acc: 	 0.9394434839680422
Mean Acc : 	 0.7319430157347729
FreqW Acc : 	 0.8916753389016479
Mean IoU : 	 0.6324871366269589
WARN get_lr: optimizer has more than one param group
WARN get_lr: optimizer has more than one param group
WARN get_lr: optimizer has more than one param group
WARN get_lr: optimizer has more than one param group
WARN get_lr: optimizer has more than one param group
Overall Acc: 	 0.9392236387856231
Mean Acc : 	 0.729158825147194
FreqW Acc : 	 0.8913412675993714
Mean IoU : 	 0.6261253898681536
WARN get_lr: optimizer has more than one param group
WARN get_lr: optimizer has more than one param group
WARN get_lr: optimizer has more than one param group
WARN get_lr: optimizer has more than one param group
WARN get_lr: optimizer has more than one param group
Overall Acc: 	 0.9387267056141395
Mean Acc : 	 0.7283471616942025
FreqW Acc : 	 0.8906073406223456
Mean IoU : 	 0.6300646196390818
WARN get_lr: optimizer has more than one param group
WARN get_lr: optimizer has more than one param group
WARN get_lr: optimizer has more than one param group
WARN get_lr: optimizer has more than one param group
WARN get_lr: optimizer has more than one param group
Overall Acc: 	 0.9395871406412354
Mean Acc : 	 0.7338339494979174
FreqW Acc : 	 0.8920358189196306
Mean IoU : 	 0.6337870744270301
WARN get_lr: optimizer has more than one param group
WARN get_lr: optimizer has more than one param group
WARN get_lr: optimizer has more than one param group
WARN get_lr: optimizer has more than one param group
WARN get_lr: optimizer has more than one param group
Overall Acc: 	 0.9398777213906226
Mean Acc : 	 0.7349686742676802
FreqW Acc : 	 0.8924222585853133
Mean IoU : 	 0.6349035204310801
WARN get_lr: optimizer has more than one param group
WARN get_lr: optimizer has more than one param group
WARN get_lr: optimizer has more than one param group
WARN get_lr: optimizer has more than one param group
WARN get_lr: optimizer has more than one param group
Overall Acc: 	 0.9395770025309897
Mean Acc : 	 0.7367102705693476
FreqW Acc : 	 0.8920390845575442
Mean IoU : 	 0.6349678261889725
WARN get_lr: optimizer has more than one param group
WARN get_lr: optimizer has more than one param group
WARN get_lr: optimizer has more than one param group
WARN get_lr: optimizer has more than one param group
WARN get_lr: optimizer has more than one param group
Overall Acc: 	 0.939725047732112
Mean Acc : 	 0.7299169959364038
FreqW Acc : 	 0.8918220006800908
Mean IoU : 	 0.6329229449528682
WARN get_lr: optimizer has more than one param group
WARN get_lr: optimizer has more than one param group
WARN get_lr: optimizer has more than one param group
WARN get_lr: optimizer has more than one param group
WARN get_lr: optimizer has more than one param group
Overall Acc: 	 0.9396874965905478
Mean Acc : 	 0.7352828748457343
FreqW Acc : 	 0.8922512432755161
Mean IoU : 	 0.6345976737931929
WARN get_lr: optimizer has more than one param group
WARN get_lr: optimizer has more than one param group
WARN get_lr: optimizer has more than one param group
WARN get_lr: optimizer has more than one param group
WARN get_lr: optimizer has more than one param group
Overall Acc: 	 0.939793240046811
Mean Acc : 	 0.7391769001305866
FreqW Acc : 	 0.8925157479198755
Mean IoU : 	 0.6381591379570773
WARN get_lr: optimizer has more than one param group
WARN get_lr: optimizer has more than one param group
WARN get_lr: optimizer has more than one param group
WARN get_lr: optimizer has more than one param group
WARN get_lr: optimizer has more than one param group
Overall Acc: 	 0.9395813125365503
Mean Acc : 	 0.7295624186787218
FreqW Acc : 	 0.8917714445472387
Mean IoU : 	 0.6321004929484815
WARN get_lr: optimizer has more than one param group
WARN get_lr: optimizer has more than one param group
WARN get_lr: optimizer has more than one param group
WARN get_lr: optimizer has more than one param group
WARN get_lr: optimizer has more than one param group
Overall Acc: 	 0.9393405585923379
Mean Acc : 	 0.7255797898910085
FreqW Acc : 	 0.8913457365588743
Mean IoU : 	 0.630244676936499
WARN get_lr: optimizer has more than one param group
WARN get_lr: optimizer has more than one param group
WARN get_lr: optimizer has more than one param group
WARN get_lr: optimizer has more than one param group
WARN get_lr: optimizer has more than one param group
Overall Acc: 	 0.9389978608020275
Mean Acc : 	 0.725930785310418
FreqW Acc : 	 0.8908140952412189
Mean IoU : 	 0.6327164728352125
WARN get_lr: optimizer has more than one param group
WARN get_lr: optimizer has more than one param group
WARN get_lr: optimizer has more than one param group
WARN get_lr: optimizer has more than one param group
WARN get_lr: optimizer has more than one param group
Overall Acc: 	 0.9396821614318428
Mean Acc : 	 0.7345362900621655
FreqW Acc : 	 0.8922463651460398
Mean IoU : 	 0.6367492885328221
WARN get_lr: optimizer has more than one param group
WARN get_lr: optimizer has more than one param group
WARN get_lr: optimizer has more than one param group
WARN get_lr: optimizer has more than one param group
WARN get_lr: optimizer has more than one param group
Overall Acc: 	 0.939654421223989
Mean Acc : 	 0.735407724139586
FreqW Acc : 	 0.8921147745369559
Mean IoU : 	 0.6365045626138428
WARN get_lr: optimizer has more than one param group
WARN get_lr: optimizer has more than one param group
WARN get_lr: optimizer has more than one param group
WARN get_lr: optimizer has more than one param group
WARN get_lr: optimizer has more than one param group
Overall Acc: 	 0.9399381443531928
Mean Acc : 	 0.7339326108378909
FreqW Acc : 	 0.8924108655610903
Mean IoU : 	 0.6365412318165533
WARN get_lr: optimizer has more than one param group
WARN get_lr: optimizer has more than one param group
WARN get_lr: optimizer has more than one param group
WARN get_lr: optimizer has more than one param group
WARN get_lr: optimizer has more than one param group
Overall Acc: 	 0.9394708315640535
Mean Acc : 	 0.7285115979981018
FreqW Acc : 	 0.8916007432365554
Mean IoU : 	 0.6351681938560665
Resolved base cfg vars {('model', 'variant'): 'ct_mse_5pct', ('training', 'cross_task_lambda'): 1.5, ('training', 'cross_task_type'): 'mse', ('training', 'cross_task_detach_depth'): True}
Resolved vars {('config', 'general', 'tag'): 'cityscapes_pad_transfer_ct_mse_5pct_D372_S42', ('model', 'variant'): 'ct_mse_5pct', ('training', 'cross_task_lambda'): 1.5, ('training', 'cross_task_type'): 'mse', ('training', 'cross_task_detach_depth'): True}
Resolved base cfg vars {('model', 'variant'): 'ct_mse_10pct', ('training', 'cross_task_lambda'): 3.0, ('training', 'cross_task_type'): 'mse', ('training', 'cross_task_detach_depth'): True}
Resolved vars {('config', 'general', 'tag'): 'cityscapes_pad_transfer_ct_mse_10pct_D372_S42', ('model', 'variant'): 'ct_mse_10pct', ('training', 'cross_task_lambda'): 3.0, ('training', 'cross_task_type'): 'mse', ('training', 'cross_task_detach_depth'): True}
Resolved base cfg vars {('model', 'variant'): 'ct_cos_1pct', ('training', 'cross_task_lambda'): 0.05, ('training', 'cross_task_type'): 'cosine', ('training', 'cross_task_detach_depth'): True}
Resolved vars {('config', 'general', 'tag'): 'cityscapes_pad_transfer_ct_cos_1pct_D372_S42', ('model', 'variant'): 'ct_cos_1pct', ('training', 'cross_task_lambda'): 0.05, ('training', 'cross_task_type'): 'cosine', ('training', 'cross_task_detach_depth'): True}
Resolved base cfg vars {('model', 'variant'): 'ct_cos_2p5pct', ('training', 'cross_task_lambda'): 0.12, ('training', 'cross_task_type'): 'cosine', ('training', 'cross_task_detach_depth'): True}
Resolved vars {('config', 'general', 'tag'): 'cityscapes_pad_transfer_ct_cos_2p5pct_D372_S42', ('model', 'variant'): 'ct_cos_2p5pct', ('training', 'cross_task_lambda'): 0.12, ('training', 'cross_task_type'): 'cosine', ('training', 'cross_task_detach_depth'): True}
Resolved base cfg vars {('model', 'variant'): 'ct_cos_5pct', ('training', 'cross_task_lambda'): 0.24, ('training', 'cross_task_type'): 'cosine', ('training', 'cross_task_detach_depth'): True}
Resolved vars {('config', 'general', 'tag'): 'cityscapes_pad_transfer_ct_cos_5pct_D372_S42', ('model', 'variant'): 'ct_cos_5pct', ('training', 'cross_task_lambda'): 0.24, ('training', 'cross_task_type'): 'cosine', ('training', 'cross_task_detach_depth'): True}
Resolved base cfg vars {('model', 'variant'): 'ct_cos_10pct', ('training', 'cross_task_lambda'): 0.48, ('training', 'cross_task_type'): 'cosine', ('training', 'cross_task_detach_depth'): True}
Resolved vars {('config', 'general', 'tag'): 'cityscapes_pad_transfer_ct_cos_10pct_D372_S42', ('model', 'variant'): 'ct_cos_10pct', ('training', 'cross_task_lambda'): 0.48, ('training', 'cross_task_type'): 'cosine', ('training', 'cross_task_detach_depth'): True}

==========================================
Done!  End: Tue Mar  3 11:49:29 PM UTC 2026
==========================================
