/home/u5hv/shijie.u5hv/fyp/venvs/sde_seg/lib/python3.11/site-packages/torchvision/models/_utils.py:135: UserWarning: Using 'weights' as positional parameter(s) is deprecated since 0.13 and may be removed in the future. Please use keyword parameter(s) instead.
  warnings.warn(
/home/u5hv/shijie.u5hv/fyp/venvs/sde_seg/lib/python3.11/site-packages/torchvision/models/_utils.py:223: UserWarning: Arguments other than a weight enum or `None` for 'weights' are deprecated since 0.13 and may be removed in the future. The current behavior is equivalent to passing `weights=None`.
  warnings.warn(msg)
/home/u5hv/shijie.u5hv/fyp/improving_segmentation_with_selfsupervised_depth/train.py:300: FutureWarning: `torch.cuda.amp.GradScaler(args...)` is deprecated. Please use `torch.amp.GradScaler('cuda', args...)` instead.
  self.scaler = GradScaler(enabled=self.cfg["training"]["amp"])
INFO:segsde:Using cross_entropy with {} params
INFO:segsde:Using No Early Stopping
/home/u5hv/shijie.u5hv/fyp/improving_segmentation_with_selfsupervised_depth/train.py:476: FutureWarning: `torch.cuda.amp.autocast(args...)` is deprecated. Please use `torch.amp.autocast('cuda', args...)` instead.
  with autocast(enabled=self.cfg["training"]["amp"]):
/home/u5hv/shijie.u5hv/fyp/improving_segmentation_with_selfsupervised_depth/train.py:510: FutureWarning: `torch.cuda.amp.autocast(args...)` is deprecated. Please use `torch.amp.autocast('cuda', args...)` instead.
  with autocast(enabled=self.cfg["training"]["amp"]):
INFO:segsde:Iter [50/40000]  Loss: 1.1294  Time/Image: 0.1401
INFO:segsde:Iter [100/40000]  Loss: 0.6493  Time/Image: 0.0868
INFO:segsde:Iter [150/40000]  Loss: 0.5362  Time/Image: 0.0853
INFO:segsde:Iter [200/40000]  Loss: 0.5043  Time/Image: 0.0935
INFO:segsde:Iter [250/40000]  Loss: 0.4440  Time/Image: 0.1011
INFO:segsde:Iter [300/40000]  Loss: 0.4671  Time/Image: 0.0875
INFO:segsde:Iter [350/40000]  Loss: 0.3635  Time/Image: 0.0879
INFO:segsde:Iter [400/40000]  Loss: 0.4126  Time/Image: 0.1068
INFO:segsde:Iter [450/40000]  Loss: 0.3487  Time/Image: 0.0872
INFO:segsde:Iter [500/40000]  Loss: 0.3360  Time/Image: 0.0870
INFO:segsde:Iter [550/40000]  Loss: 0.3922  Time/Image: 0.0869
INFO:segsde:Iter [600/40000]  Loss: 0.3406  Time/Image: 0.1095
INFO:segsde:Iter [650/40000]  Loss: 0.3350  Time/Image: 0.0888
INFO:segsde:Iter [700/40000]  Loss: 0.3028  Time/Image: 0.0877
INFO:segsde:Iter [750/40000]  Loss: 0.3029  Time/Image: 0.0894
INFO:segsde:Iter [800/40000]  Loss: 0.3139  Time/Image: 0.0948
INFO:segsde:Iter [850/40000]  Loss: 0.3011  Time/Image: 0.0868
INFO:segsde:Iter [900/40000]  Loss: 0.2939  Time/Image: 0.0871
INFO:segsde:Iter [950/40000]  Loss: 0.3028  Time/Image: 0.0906
INFO:segsde:Iter [1000/40000]  Loss: 0.2994  Time/Image: 0.0870
INFO:segsde:Iter [1050/40000]  Loss: 0.3071  Time/Image: 0.0870
INFO:segsde:Iter [1100/40000]  Loss: 0.2528  Time/Image: 0.0869
INFO:segsde:Iter [1150/40000]  Loss: 0.3260  Time/Image: 0.0964
INFO:segsde:Iter [1200/40000]  Loss: 0.2612  Time/Image: 0.0862
INFO:segsde:Iter [1250/40000]  Loss: 0.2880  Time/Image: 0.0866
INFO:segsde:Iter [1300/40000]  Loss: 0.2444  Time/Image: 0.0865
INFO:segsde:Iter [1350/40000]  Loss: 0.2560  Time/Image: 0.0904
INFO:segsde:Iter [1400/40000]  Loss: 0.2562  Time/Image: 0.0878
INFO:segsde:Iter [1450/40000]  Loss: 0.2723  Time/Image: 0.0885
INFO:segsde:Iter [1500/40000]  Loss: 0.2810  Time/Image: 0.0895
INFO:segsde:Iter [1550/40000]  Loss: 0.2453  Time/Image: 0.0872
INFO:segsde:Iter [1600/40000]  Loss: 0.2713  Time/Image: 0.0872
INFO:segsde:Iter [1650/40000]  Loss: 0.2581  Time/Image: 0.0873
INFO:segsde:Iter [1700/40000]  Loss: 0.2396  Time/Image: 0.0895
INFO:segsde:Iter [1750/40000]  Loss: 0.2496  Time/Image: 0.0872
INFO:segsde:Iter [1800/40000]  Loss: 0.2286  Time/Image: 0.0874
INFO:segsde:Iter [1850/40000]  Loss: 0.2377  Time/Image: 0.0875
INFO:segsde:Iter [1900/40000]  Loss: 0.2122  Time/Image: 0.0893
INFO:segsde:Iter [1950/40000]  Loss: 0.2487  Time/Image: 0.0884
INFO:segsde:Iter [2000/40000]  Loss: 0.2255  Time/Image: 0.0885
INFO:segsde:Iter [2050/40000]  Loss: 0.2061  Time/Image: 0.0944
INFO:segsde:Iter [2100/40000]  Loss: 0.2346  Time/Image: 0.0884
slurmstepd: error: *** JOB 2560332 ON nid010159 CANCELLED AT 2026-03-03T19:40:02 ***
